
Running 1 test using 1 worker

  ✘  1 tests/e2e/mobile-predictive.spec.ts:10:1 › mobile create sheet exposes recurrence suggestion lifecycle and advisory-only clashes without clobbering draft timing (11.9s)


  1) tests/e2e/mobile-predictive.spec.ts:10:1 › mobile create sheet exposes recurrence suggestion lifecycle and advisory-only clashes without clobbering draft timing 

    Error: [2mexpect([22m[31mlocator[39m[2m).[22mtoHaveAttribute[2m([22m[32mexpected[39m[2m)[22m failed

    Locator:  getByTestId('calendar-route-state')
    Expected: [32m"aaaaaaaa-8888-1111-1111-[7m666666666666[27m"[39m
    Received: [31m"aaaaaaaa-8888-1111-1111-[7m555555555555[27m"[39m
    Timeout:  10000ms

    Call log:
    [2m  - Expect "toHaveAttribute" with timeout 10000ms[22m
    [2m  - waiting for getByTestId('calendar-route-state')[22m
    [2m    14 × locator resolved to <section data-pending-count="0" data-sync-phase="idle" data-queue-state="ready" data-retryable-count="0" data-denied-reason="none" data-failure-phase="none" data-shell-bootstrap="ready" data-create-prefill-end="none" data-board-source="server-sync" data-route-mode="trusted-online" data-visible-week-source="query" data-create-prefill-start="none" data-last-retryable-reason="none" data-create-prefill-status="none" data-create-prefill-source="none" data-testid="calendar-route-state" data-snapshot-origin="…>…</section>[22m
    [2m       - unexpected value "aaaaaaaa-8888-1111-1111-555555555555"[22m


      19 |   await expect(routeState).toHaveAttribute('data-recurrence-suggestion-status', 'ready');
      20 |   await expect(routeState).toHaveAttribute('data-recurrence-suggestion-match-count', '3');
    > 21 |   await expect(routeState).toHaveAttribute('data-recurrence-suggestion-exemplar-shift-id', recurrenceExemplarShiftId);
         |                            ^
      22 |   await expect(page.getByTestId(`shift-card-${morningIntakeShiftId}`)).toContainText('Morning intake');
      23 |
      24 |   await page.getByTestId('create-shift-trigger-create-week').click();
        at /Users/serkanyeniay/dev/Caluno/apps/mobile/tests/e2e/mobile-predictive.spec.ts:21:28

    attachment #1: screenshot (image/png) ──────────────────────────────────────────────────────────
    test-results/e2e/mobile-predictive-mobile-c-a001f-out-clobbering-draft-timing/test-failed-1.png
    ────────────────────────────────────────────────────────────────────────────────────────────────

    attachment #2: video (video/webm) ──────────────────────────────────────────────────────────────
    test-results/e2e/mobile-predictive-mobile-c-a001f-out-clobbering-draft-timing/video.webm
    ────────────────────────────────────────────────────────────────────────────────────────────────

    Error Context: test-results/e2e/mobile-predictive-mobile-c-a001f-out-clobbering-draft-timing/error-context.md

    attachment #4: trace (application/zip) ─────────────────────────────────────────────────────────
    test-results/e2e/mobile-predictive-mobile-c-a001f-out-clobbering-draft-timing/trace.zip
    Usage:

        pnpm exec playwright show-trace test-results/e2e/mobile-predictive-mobile-c-a001f-out-clobbering-draft-timing/trace.zip

    ────────────────────────────────────────────────────────────────────────────────────────────────

  1 failed
    tests/e2e/mobile-predictive.spec.ts:10:1 › mobile create sheet exposes recurrence suggestion lifecycle and advisory-only clashes without clobbering draft timing 
