STEP=supabase-reset
SUPABASE_RESET=PASS
STEP=playwright-targeted

Running 13 tests using 1 worker

  ✓   1 tests/e2e/auth-groups-access.spec.ts:14:1 › seeded member can open a permitted calendar and gets an explicit denial for an unauthorized calendar (1.7s)
  ✘   2 tests/e2e/auth-groups-access.spec.ts:45:1 › join onboarding surfaces invalid codes, admits a valid redemption, survives reload, and loses access after sign-out (11.4s)
  ✓   3 tests/e2e/calendar-shifts.spec.ts:199:1 › overlapping Thursday create drafts show a warning-only advisory before submit and still save successfully (6.1s)
  ✓   4 tests/e2e/calendar-shifts.spec.ts:339:1 › touching-boundary create drafts stay advisory-free before submit (5.1s)
  ✓   5 tests/e2e/calendar-shifts.spec.ts:404:1 › browse suggestion handoff creates a visible shift on the intended day and does not reopen after reload (6.0s)
  ✓   6 tests/e2e/calendar-shifts.spec.ts:503:1 › predictive create editor stays free of new WCAG 2.1 AA violations in the seeded recurrence suggestion flow (2.8s)
  ✓   7 tests/e2e/calendar-shifts.spec.ts:541:1 › weekly recurrence suggestion accept path pre-fills weekly cadence truthfully and resets after a successful create (5.7s)
  ✓   8 tests/e2e/calendar-shifts.spec.ts:632:1 › weekly recurrence suggestion dismiss path keeps the form blank, stays hidden for the current instance, and returns after reload (3.5s)
  ✓   9 tests/e2e/calendar-shifts.spec.ts:739:1 › seeded member still gets the explicit denied surface for an unauthorized calendar route (1.1s)
  ✘  10 tests/e2e/find-time.spec.ts:21:1 › permitted member sees ranked top picks before the lighter browse inventory on the real find-time route (12.2s)
  -  11 tests/e2e/find-time.spec.ts:139:1 › suggestion handoff lands on the chosen slot week, opens the prefilled create dialog, and strips one-shot URL state on arrival
  -  12 tests/e2e/find-time.spec.ts:205:1 › unauthorized member gets an explicit denial on another group's find-time route
  -  13 tests/e2e/find-time.spec.ts:230:1 › offline entry from the calendar board fails closed on the find-time route


  1) tests/e2e/auth-groups-access.spec.ts:45:1 › join onboarding surfaces invalid codes, admits a valid redemption, survives reload, and loses access after sign-out › phase: sign in as the seeded user with no memberships 

    Error: [2mexpect([22m[31mlocator[39m[2m).[22mtoContainText[2m([22m[32mexpected[39m[2m)[22m failed

    Locator: getByTestId('groups-shell')
    Expected substring: [32m"onboarding-empty"[39m
    Received string:    [31m"Shell state trusted-online Protected navigation and calendar scope came from the trusted server load. "[39m
    Timeout: 10000ms

    Call log:
    [2m  - Expect "toContainText" with timeout 10000ms[22m
    [2m  - waiting for getByTestId('groups-shell')[22m
    [2m    14 × locator resolved to <article data-testid="groups-shell" class="status-card tone-neutral">…</article>[22m
    [2m       - unexpected value "Shell state trusted-online Protected navigation and calendar scope came from the trusted server load. "[22m


      50 |     flow.mark('login', seededUsers.noMembership.email);
      51 |     await signInThroughUi(page, seededUsers.noMembership);
    > 52 |     await expect(page.getByTestId('groups-shell')).toContainText('onboarding-empty');
         |                                                    ^
      53 |     await expect(page.getByTestId('onboarding-empty-state')).toBeVisible();
      54 |   });
      55 |
        at /Users/serkanyeniay/dev/Caluno/apps/web/tests/e2e/auth-groups-access.spec.ts:52:52
        at /Users/serkanyeniay/dev/Caluno/apps/web/tests/e2e/auth-groups-access.spec.ts:49:3

    attachment #1: screenshot (image/png) ──────────────────────────────────────────────────────────
    test-results/e2e/auth-groups-access-join-on-156de-loses-access-after-sign-out/test-failed-1.png
    ────────────────────────────────────────────────────────────────────────────────────────────────

    attachment #3: video (video/webm) ──────────────────────────────────────────────────────────────
    test-results/e2e/auth-groups-access-join-on-156de-loses-access-after-sign-out/video.webm
    ────────────────────────────────────────────────────────────────────────────────────────────────

    Error Context: test-results/e2e/auth-groups-access-join-on-156de-loses-access-after-sign-out/error-context.md

    attachment #5: trace (application/zip) ─────────────────────────────────────────────────────────
    test-results/e2e/auth-groups-access-join-on-156de-loses-access-after-sign-out/trace.zip
    Usage:

        pnpm exec playwright show-trace test-results/e2e/auth-groups-access-join-on-156de-loses-access-after-sign-out/trace.zip

    ────────────────────────────────────────────────────────────────────────────────────────────────

  2) tests/e2e/find-time.spec.ts:21:1 › permitted member sees ranked top picks before the lighter browse inventory on the real find-time route › phase: search the seeded day range and verify shortlist order plus explanation density 

    Error: [2mexpect([22m[31mlocator[39m[2m).[22mtoContainText[2m([22m[32mexpected[39m[2m)[22m failed

    Locator: getByTestId('find-time-summary')
    Expected substring: [32m"10 truthful windows"[39m
    Received string:    [31m"Window inventory 11 truthful windows Top picks stay high-density, while browse cards remain lighter-weight for scanning the rest of the truthful inventory."[39m
    Timeout: 10000ms

    Call log:
    [2m  - Expect "toContainText" with timeout 10000ms[22m
    [2m  - waiting for getByTestId('find-time-summary')[22m
    [2m    14 × locator resolved to <article data-testid="find-time-summary" class="status-card tone-neutral">…</article>[22m
    [2m       - unexpected value "Window inventory 11 truthful windows Top picks stay high-density, while browse cards remain lighter-weight for scanning the rest of the truthful inventory."[22m


      60 |     await expect(page.getByTestId('find-time-route-state')).toHaveAttribute('data-status', 'ready');
      61 |     await expect(page.getByTestId('find-time-search-state')).toHaveAttribute('data-status', 'ready');
    > 62 |     await expect(page.getByTestId('find-time-summary')).toContainText(`${seededFindTime.alphaWindowCount} truthful windows`);
         |                                                         ^
      63 |     await expect(page.getByTestId('find-time-results')).toHaveAttribute('data-window-count', String(seededFindTime.alphaWindowCount));
      64 |     await expect(page.getByTestId('find-time-results')).toHaveAttribute('data-top-pick-count', String(seededFindTime.topPickCount));
      65 |     await expect(page.getByTestId('find-time-results')).toHaveAttribute('data-browse-count', String(seededFindTime.browseCount));
        at /Users/serkanyeniay/dev/Caluno/apps/web/tests/e2e/find-time.spec.ts:62:57
        at /Users/serkanyeniay/dev/Caluno/apps/web/tests/e2e/find-time.spec.ts:47:3

    attachment #1: screenshot (image/png) ──────────────────────────────────────────────────────────
    test-results/e2e/find-time-permitted-member-a75b2-on-the-real-find-time-route/test-failed-1.png
    ────────────────────────────────────────────────────────────────────────────────────────────────

    attachment #3: video (video/webm) ──────────────────────────────────────────────────────────────
    test-results/e2e/find-time-permitted-member-a75b2-on-the-real-find-time-route/video.webm
    ────────────────────────────────────────────────────────────────────────────────────────────────

    Error Context: test-results/e2e/find-time-permitted-member-a75b2-on-the-real-find-time-route/error-context.md

    attachment #5: trace (application/zip) ─────────────────────────────────────────────────────────
    test-results/e2e/find-time-permitted-member-a75b2-on-the-real-find-time-route/trace.zip
    Usage:

        pnpm exec playwright show-trace test-results/e2e/find-time-permitted-member-a75b2-on-the-real-find-time-route/trace.zip

    ────────────────────────────────────────────────────────────────────────────────────────────────

  2 failed
    tests/e2e/auth-groups-access.spec.ts:45:1 › join onboarding surfaces invalid codes, admits a valid redemption, survives reload, and loses access after sign-out 
    tests/e2e/find-time.spec.ts:21:1 › permitted member sees ranked top picks before the lighter browse inventory on the real find-time route 
  3 did not run
  8 passed (1.1m)
PLAYWRIGHT_TARGETED=FAIL:1
