Resetting local database...
Recreating database...
Initialising schema...
Seeding globals from roles.sql...
Applying migration 20260414_000001_auth_groups_access.sql...
NOTICE (42710): extension "pgcrypto" already exists, skipping
Applying migration 20260415_000002_schedule_shifts.sql...
Applying migration 20260416_000001_schedule_realtime.sql...
Applying migration 20260418_000001_find_time_member_availability.sql...
Applying migration 20260422_000001_device_notifications.sql...
Seeding data from supabase/seed.sql...
Restarting containers...
Finished supabase db reset on branch main.
A new version of Supabase CLI is available: v2.98.2 (currently installed v2.90.0)
We recommend updating regularly for new features and bug fixes: https://supabase.com/docs/guides/cli/getting-started#updating-the-supabase-cli
[2m[WebServer] [22m[33m[plugin vite:reporter] 
[2m[WebServer] [22m(!) /Users/serkanyeniay/dev/Caluno/apps/web/src/lib/offline/sync-engine.ts is dynamically imported by /Users/serkanyeniay/dev/Caluno/apps/web/src/routes/(app)/calendars/[calendarId]/+page.ts but also statically imported by /Users/serkanyeniay/dev/Caluno/apps/web/src/lib/offline/calendar-controller.ts, /Users/serkanyeniay/dev/Caluno/apps/web/src/routes/(app)/calendars/[calendarId]/+page.svelte, dynamic import will not move module into another chunk.
[2m[WebServer] [22m[39m
[2m[WebServer] [22m[33m[plugin vite:reporter] 
[2m[WebServer] [22m(!) /Users/serkanyeniay/dev/Caluno/apps/web/src/lib/offline/mutation-queue.ts is dynamically imported by /Users/serkanyeniay/dev/Caluno/apps/web/src/routes/(app)/calendars/[calendarId]/+page.svelte, /Users/serkanyeniay/dev/Caluno/apps/web/src/routes/(app)/calendars/[calendarId]/+page.ts but also statically imported by /Users/serkanyeniay/dev/Caluno/apps/web/src/routes/(app)/calendars/[calendarId]/+page.svelte, dynamic import will not move module into another chunk.
[2m[WebServer] [22m[39m
[2m[WebServer] [22mUsing the user object as returned from supabase.auth.getSession() or from some supabase.auth.onAuthStateChange() events could be insecure! This value comes directly from the storage medium (usually cookies on the server) and may not be authentic. Use supabase.auth.getUser() instead which authenticates the data by contacting the Supabase Auth server.
[2m[WebServer] [22mUsing the user object as returned from supabase.auth.getSession() or from some supabase.auth.onAuthStateChange() events could be insecure! This value comes directly from the storage medium (usually cookies on the server) and may not be authentic. Use supabase.auth.getUser() instead which authenticates the data by contacting the Supabase Auth server.
