
Running 7 tests using 1 worker

  ✘  1 tests/e2e/calendar-shifts.spec.ts:123:1 › overlapping Thursday create drafts show a warning-only advisory before submit and still save successfully (13.8s)
  -  2 tests/e2e/calendar-shifts.spec.ts:237:1 › touching-boundary create drafts stay advisory-free before submit
  -  3 tests/e2e/calendar-shifts.spec.ts:302:1 › seeded member can prove the trusted-online Thursday overlap warning while the Wednesday touch boundary stays clean
  -  4 tests/e2e/calendar-shifts.spec.ts:398:1 › browse suggestion handoff creates a visible shift on the intended day and does not reopen after reload
  -  5 tests/e2e/calendar-shifts.spec.ts:497:1 › weekly recurrence suggestion accept path pre-fills weekly cadence truthfully and resets after a successful create
  -  6 tests/e2e/calendar-shifts.spec.ts:588:1 › weekly recurrence suggestion dismiss path keeps the form blank, stays hidden for the current instance, and returns after reload
  -  7 tests/e2e/calendar-shifts.spec.ts:695:1 › seeded member still gets the explicit denied surface for an unauthorized calendar route


  1) tests/e2e/calendar-shifts.spec.ts:123:1 › overlapping Thursday create drafts show a warning-only advisory before submit and still save successfully › phase: enter an overlapping Thursday window and prove the advisory appears before submit while save stays enabled 

    Error: expected the create dialog to render the pre-submit clash advisory for the seeded Thursday overlap

    [2mexpect([22m[31mreceived[39m[2m).[22mtoBe[2m([22m[32mexpected[39m[2m) // Object.is equality[22m

    Expected: [32mtrue[39m
    Received: [31mfalse[39m

    Call Log:
    - Timeout 10000ms exceeded while waiting on the predicate

      168 |     await expect(form.locator('input[name="endAt"]')).toHaveValue(overlapEndLocal);
      169 |
    > 170 |     await expect
          |     ^
      171 |       .poll(
      172 |         async () => {
      173 |           const advisory = await readCreateShiftClashAdvisory(page);
        at /Users/serkanyeniay/dev/Caluno/apps/web/tests/e2e/calendar-shifts.spec.ts:170:5
        at /Users/serkanyeniay/dev/Caluno/apps/web/tests/e2e/calendar-shifts.spec.ts:151:3

    attachment #1: screenshot (image/png) ──────────────────────────────────────────────────────────
    test-results/e2e/calendar-shifts-overlappin-8ee0a-and-still-save-successfully/test-failed-1.png
    ────────────────────────────────────────────────────────────────────────────────────────────────

    attachment #3: video (video/webm) ──────────────────────────────────────────────────────────────
    test-results/e2e/calendar-shifts-overlappin-8ee0a-and-still-save-successfully/video.webm
    ────────────────────────────────────────────────────────────────────────────────────────────────

    Error Context: test-results/e2e/calendar-shifts-overlappin-8ee0a-and-still-save-successfully/error-context.md

    attachment #5: trace (application/zip) ─────────────────────────────────────────────────────────
    test-results/e2e/calendar-shifts-overlappin-8ee0a-and-still-save-successfully/trace.zip
    Usage:

        pnpm exec playwright show-trace test-results/e2e/calendar-shifts-overlappin-8ee0a-and-still-save-successfully/trace.zip

    ────────────────────────────────────────────────────────────────────────────────────────────────

  1 failed
    tests/e2e/calendar-shifts.spec.ts:123:1 › overlapping Thursday create drafts show a warning-only advisory before submit and still save successfully 
  6 did not run
