
Running 6 tests using 1 worker

  ✓  1 tests/e2e/calendar-shifts.spec.ts:191:1 › overlapping Thursday create drafts show a warning-only advisory before submit and still save successfully (6.9s)
  ✓  2 tests/e2e/calendar-shifts.spec.ts:325:1 › touching-boundary create drafts stay advisory-free before submit (2.6s)
  ✓  3 tests/e2e/calendar-shifts.spec.ts:390:1 › browse suggestion handoff creates a visible shift on the intended day and does not reopen after reload (3.5s)
  ✘  4 tests/e2e/calendar-shifts.spec.ts:489:1 › weekly recurrence suggestion accept path pre-fills weekly cadence truthfully and resets after a successful create (1.9s)
  -  5 tests/e2e/calendar-shifts.spec.ts:580:1 › weekly recurrence suggestion dismiss path keeps the form blank, stays hidden for the current instance, and returns after reload
  -  6 tests/e2e/calendar-shifts.spec.ts:687:1 › seeded member still gets the explicit denied surface for an unauthorized calendar route


  1) tests/e2e/calendar-shifts.spec.ts:489:1 › weekly recurrence suggestion accept path pre-fills weekly cadence truthfully and resets after a successful create › phase: accept the calm recurrence suggestion and verify only weekly plus interval one are prefilled 

    Error: [2mexpect([22m[31mreceived[39m[2m).[22mtoBe[2m([22m[32mexpected[39m[2m) // Object.is equality[22m

    Expected: [32m4[39m
    Received: [31m3[39m

      517 |     expect(initialSnapshot.suggestionInterval).toBe('1');
      518 |     expect(initialSnapshot.suggestionWeekday).toBe(seededSchedule.recurrenceSuggestion.weekday);
    > 519 |     expect(initialSnapshot.suggestionMatchCount).toBe(seededSchedule.recurrenceSuggestion.matchingShiftIds.length);
          |                                                  ^
      520 |     expect(initialSnapshot.selectedCadence).toBe('');
      521 |     expect(initialSnapshot.intervalValue).toBe('');
      522 |     expect(initialSnapshot.repeatCountValue).toBe('');
        at /Users/serkanyeniay/dev/Caluno/apps/web/tests/e2e/calendar-shifts.spec.ts:519:50
        at /Users/serkanyeniay/dev/Caluno/apps/web/tests/e2e/calendar-shifts.spec.ts:512:3

    attachment #1: screenshot (image/png) ──────────────────────────────────────────────────────────
    test-results/e2e/calendar-shifts-weekly-rec-5ab69-s-after-a-successful-create/test-failed-1.png
    ────────────────────────────────────────────────────────────────────────────────────────────────

    attachment #3: video (video/webm) ──────────────────────────────────────────────────────────────
    test-results/e2e/calendar-shifts-weekly-rec-5ab69-s-after-a-successful-create/video.webm
    ────────────────────────────────────────────────────────────────────────────────────────────────

    Error Context: test-results/e2e/calendar-shifts-weekly-rec-5ab69-s-after-a-successful-create/error-context.md

    attachment #5: trace (application/zip) ─────────────────────────────────────────────────────────
    test-results/e2e/calendar-shifts-weekly-rec-5ab69-s-after-a-successful-create/trace.zip
    Usage:

        pnpm exec playwright show-trace test-results/e2e/calendar-shifts-weekly-rec-5ab69-s-after-a-successful-create/trace.zip

    ────────────────────────────────────────────────────────────────────────────────────────────────

  1 failed
    tests/e2e/calendar-shifts.spec.ts:489:1 › weekly recurrence suggestion accept path pre-fills weekly cadence truthfully and resets after a successful create 
  2 did not run
  3 passed (18.2s)
