
Running 7 tests using 1 worker

  ✘  1 tests/e2e/calendar-shifts.spec.ts:84:1 › overlapping Thursday create drafts show a warning-only advisory before submit and still save successfully (13.7s)
  -  2 tests/e2e/calendar-shifts.spec.ts:181:1 › touching-boundary create drafts stay advisory-free before submit
  -  3 tests/e2e/calendar-shifts.spec.ts:245:1 › seeded member can prove the trusted-online Thursday overlap warning while the Wednesday touch boundary stays clean
  -  4 tests/e2e/calendar-shifts.spec.ts:340:1 › browse suggestion handoff creates a visible shift on the intended day and does not reopen after reload
  -  5 tests/e2e/calendar-shifts.spec.ts:425:1 › weekly recurrence suggestion accept path pre-fills weekly cadence truthfully and resets after a successful create
  -  6 tests/e2e/calendar-shifts.spec.ts:511:1 › weekly recurrence suggestion dismiss path keeps the form blank, stays hidden for the current instance, and returns after reload
  -  7 tests/e2e/calendar-shifts.spec.ts:617:1 › seeded member still gets the explicit denied surface for an unauthorized calendar route


  1) tests/e2e/calendar-shifts.spec.ts:84:1 › overlapping Thursday create drafts show a warning-only advisory before submit and still save successfully › phase: submit the warned draft and confirm the overlapping shift still saves 

    Error: [2mexpect([22m[31mlocator[39m[2m).[22mtoHaveCount[2m([22m[32mexpected[39m[2m)[22m failed

    Locator:  getByTestId('day-column-2026-04-16').locator('[data-testid^="shift-card-"]').filter({ hasText: 'Overlap advisory proof' })
    Expected: [32m1[39m
    Received: [31m4[39m
    Timeout:  10000ms

    Call log:
    [2m  - Expect "toHaveCount" with timeout 10000ms[22m
    [2m  - waiting for getByTestId('day-column-2026-04-16').locator('[data-testid^="shift-card-"]').filter({ hasText: 'Overlap advisory proof' })[22m
    [2m    14 × locator resolved to 4 elements[22m
    [2m       - unexpected value "4"[22m


      174 |     await expect(
      175 |       dayColumn(page, overlapDayKey).locator('[data-testid^="shift-card-"]').filter({ hasText: createdTitle })
    > 176 |     ).toHaveCount(baselineCreatedCount + 1);
          |       ^
      177 |     await expect(editor).not.toHaveAttribute('open', '');
      178 |   });
      179 | });
        at /Users/serkanyeniay/dev/Caluno/apps/web/tests/e2e/calendar-shifts.spec.ts:176:7
        at /Users/serkanyeniay/dev/Caluno/apps/web/tests/e2e/calendar-shifts.spec.ts:168:3

    attachment #1: screenshot (image/png) ──────────────────────────────────────────────────────────
    test-results/e2e/calendar-shifts-overlappin-8ee0a-and-still-save-successfully/test-failed-1.png
    ────────────────────────────────────────────────────────────────────────────────────────────────

    attachment #3: video (video/webm) ──────────────────────────────────────────────────────────────
    test-results/e2e/calendar-shifts-overlappin-8ee0a-and-still-save-successfully/video.webm
    ────────────────────────────────────────────────────────────────────────────────────────────────

    Error Context: test-results/e2e/calendar-shifts-overlappin-8ee0a-and-still-save-successfully/error-context.md

    attachment #5: trace (application/zip) ─────────────────────────────────────────────────────────
    test-results/e2e/calendar-shifts-overlappin-8ee0a-and-still-save-successfully/trace.zip
    Usage:

        pnpm exec playwright show-trace test-results/e2e/calendar-shifts-overlappin-8ee0a-and-still-save-successfully/trace.zip

    ────────────────────────────────────────────────────────────────────────────────────────────────

  1 failed
    tests/e2e/calendar-shifts.spec.ts:84:1 › overlapping Thursday create drafts show a warning-only advisory before submit and still save successfully 
  6 did not run
