=== Check auth-groups and find-time test file last modified ===
b201299 feat: Added deterministic find-time suggestion CTAs and proved the sugg…
58b1041 feat: Rendered ranked Top picks explanations on /find-time and proved s…
100a574 feat: Shipped the protected find-time page, calendar entrypoint, and of…

=== M005 commits that touch auth-groups-access or find-time ===
f8875cb feat: Added deterministic trusted-week replay plus snapshot overwrite g…
9fc1053 feat: Added seeded Playwright proof for sign-in, join onboarding, expli…

=== Which M005 slice touched find-time or auth ===
b201299 feat: Added deterministic find-time suggestion CTAs and proved the sugg…
58b1041 feat: Rendered ranked Top picks explanations on /find-time and proved s…
100a574 feat: Shipped the protected find-time page, calendar entrypoint, and of…

=== Look at the test-results for signs of what failed ===
total 5048
drwxr-xr-x@  6 serkanyeniay  staff      192 May 13 11:09 .
drwxr-xr-x@ 13 serkanyeniay  staff      416 May 13 11:10 ..
-rw-r--r--@  1 serkanyeniay  staff     9167 May 13 11:09 error-context.md
-rw-r--r--@  1 serkanyeniay  staff   398879 May 13 11:09 test-failed-1.png
total 9136
drwxr-xr-x@  6 serkanyeniay  staff      192 May 13 11:10 .
drwxr-xr-x@ 13 serkanyeniay  staff      416 May 13 11:10 ..
-rw-r--r--@  1 serkanyeniay  staff    34837 May 13 11:10 error-context.md
-rw-r--r--@  1 serkanyeniay  staff   736499 May 13 11:10 test-failed-1.png
