commit=c1efcac439106170285607acbd05d2eb47c75597
  apps/mobile/.svelte-kit/ambient.d.ts
  apps/mobile/.svelte-kit/generated/server/internal.js
  apps/mobile/.svelte-kit/output/client/.vite/manifest.json
  apps/mobile/.svelte-kit/output/client/_app/immutable/chunks/BwBoA2p-.js
  apps/mobile/.svelte-kit/output/client/_app/immutable/chunks/C3jaeQPD.js
  apps/mobile/.svelte-kit/output/client/_app/immutable/chunks/CBM4mgl0.js
  apps/mobile/.svelte-kit/output/client/_app/immutable/chunks/CQzsS4ST.js
  apps/mobile/.svelte-kit/output/client/_app/immutable/chunks/Cdb3Jq3d.js
  apps/mobile/.svelte-kit/output/client/_app/immutable/chunks/CnLv0cUZ.js
  apps/mobile/.svelte-kit/output/client/_app/immutable/chunks/DIOnLjF-.js
  apps/mobile/.svelte-kit/output/client/_app/immutable/chunks/DLvnSxBc.js
  apps/mobile/.svelte-kit/output/client/_app/immutable/chunks/DtJzszPE.js
  apps/mobile/.svelte-kit/output/client/_app/immutable/chunks/P_iUwMq6.js
  apps/mobile/.svelte-kit/output/client/_app/immutable/chunks/ZMV1yJoX.js
  apps/mobile/.svelte-kit/output/client/_app/immutable/entry/app.CQbXogar.js
  apps/mobile/.svelte-kit/output/client/_app/immutable/entry/start.CdUqSfEz.js
  apps/mobile/.svelte-kit/output/client/_app/immutable/entry/start.DTkxUAav.js
  apps/mobile/.svelte-kit/output/client/_app/immutable/nodes/0.Bee2VGvh.js
  apps/mobile/.svelte-kit/output/client/_app/immutable/nodes/1.Dk5KnKiX.js
  apps/mobile/.svelte-kit/output/client/_app/immutable/nodes/2.96VQ3civ.js
--
commit=6c8abf18aa1bce0a296ce182d8a17730092c3677
  apps/mobile/.svelte-kit/ambient.d.ts
  apps/mobile/.svelte-kit/generated/server/internal.js
  apps/mobile/.svelte-kit/output/client/.vite/manifest.json
  apps/mobile/.svelte-kit/output/client/_app/immutable/assets/3.2cctJfKW.css
  apps/mobile/.svelte-kit/output/client/_app/immutable/assets/3.BBom593b.css
  apps/mobile/.svelte-kit/output/client/_app/immutable/chunks/A6cbcEcB.js
  apps/mobile/.svelte-kit/output/client/_app/immutable/chunks/B8U8lUsc.js
  apps/mobile/.svelte-kit/output/client/_app/immutable/chunks/BZasoIi_.js
  apps/mobile/.svelte-kit/output/client/_app/immutable/chunks/C0Rw5ZRo.js
  apps/mobile/.svelte-kit/output/client/_app/immutable/chunks/CDPenH6r.js
  apps/mobile/.svelte-kit/output/client/_app/immutable/chunks/CwH9MxMB.js
  apps/mobile/.svelte-kit/output/client/_app/immutable/chunks/D5Uw-8Tm.js
  apps/mobile/.svelte-kit/output/client/_app/immutable/chunks/DJZMxGnx.js
  apps/mobile/.svelte-kit/output/client/_app/immutable/chunks/DRKz6BHh.js
  apps/mobile/.svelte-kit/output/client/_app/immutable/chunks/Dc_qcLHr.js
  apps/mobile/.svelte-kit/output/client/_app/immutable/chunks/DhLoL4Ss.js
  apps/mobile/.svelte-kit/output/client/_app/immutable/chunks/ZohZBtAE.js
  apps/mobile/.svelte-kit/output/client/_app/immutable/chunks/pYZvFYkO.js
  apps/mobile/.svelte-kit/output/client/_app/immutable/chunks/q8iQJlaz.js
  apps/mobile/.svelte-kit/output/client/_app/immutable/entry/app.wS_FjZUf.js
--
commit=953da6aab33180e5bf9b4d157f4023657879a16d
  apps/mobile/.svelte-kit/ambient.d.ts
  apps/mobile/.svelte-kit/generated/server/internal.js
  apps/mobile/test-results/e2e/.last-run.json
  apps/mobile/test-results/e2e/find-time-handoff-permitte-ca7b0-nd-reload-without-reopening/error-context.md
  apps/mobile/test-results/e2e/find-time-handoff-permitte-ca7b0-nd-reload-without-reopening/test-failed-1.png
  apps/mobile/test-results/e2e/find-time-handoff-permitte-ca7b0-nd-reload-without-reopening/trace.zip
  apps/mobile/test-results/e2e/find-time-handoff-permitte-ca7b0-nd-reload-without-reopening/video.webm
  "apps/mobile/test-results/e2e/mobile-assembly-phase-4-\342\200\224--264e1-ds-in-the-permitted-context/error-context.md"
  "apps/mobile/test-results/e2e/mobile-assembly-phase-4-\342\200\224--264e1-ds-in-the-permitted-context/test-failed-1.png"
  "apps/mobile/test-results/e2e/mobile-assembly-phase-4-\342\200\224--264e1-ds-in-the-permitted-context/trace.zip"
  "apps/mobile/test-results/e2e/mobile-assembly-phase-4-\342\200\224--264e1-ds-in-the-permitted-context/video.webm"
  apps/web/.svelte-kit/ambient.d.ts
  apps/web/.svelte-kit/generated/server/internal.js
--
commit=281776e9793a320cbebe4b6e1e689150a407943e
  apps/web/.svelte-kit/generated/server/internal.js
  apps/web/test-results/e2e/.last-run.json
  apps/web/test-results/e2e/calendar-shifts-weekly-rec-5ab69-s-after-a-successful-create/error-context.md
  apps/web/test-results/e2e/calendar-shifts-weekly-rec-5ab69-s-after-a-successful-create/test-failed-1.png
  apps/web/test-results/e2e/calendar-shifts-weekly-rec-5ab69-s-after-a-successful-create/trace.zip
  apps/web/test-results/e2e/calendar-shifts-weekly-rec-5ab69-s-after-a-successful-create/video.webm
  apps/web/tests/e2e/calendar-shifts.spec.ts
--
commit=0dc19a6208d76c682fcb0d8f13ab1c4961a25b00
  apps/web/.svelte-kit/ambient.d.ts
  apps/web/.svelte-kit/generated/server/internal.js
  apps/web/.svelte-kit/types/src/routes/(app)/calendars/[calendarId]/proxy+page.server.ts
  apps/web/src/app.css
  apps/web/src/lib/components/calendar/CalendarWeekBoard.svelte
  apps/web/src/lib/components/calendar/ShiftEditorDialog.svelte
  apps/web/src/routes/(app)/calendars/[calendarId]/+page.svelte
  apps/web/test-results/e2e/.last-run.json
  apps/web/test-results/e2e/calendar-offline-preview-p-92077-e-offline-continuity-begins/error-context.md
  apps/web/test-results/e2e/calendar-offline-preview-p-92077-e-offline-continuity-begins/test-failed-1.png
  apps/web/test-results/e2e/calendar-offline-preview-p-92077-e-offline-continuity-begins/trace.zip
  apps/web/test-results/e2e/calendar-offline-preview-p-92077-e-offline-continuity-begins/video.webm
  apps/web/test-results/e2e/calendar-shifts-weekly-rec-5ab69-s-after-a-successful-create/error-context.md
  apps/web/test-results/e2e/calendar-shifts-weekly-rec-5ab69-s-after-a-successful-create/test-failed-1.png
  apps/web/test-results/e2e/calendar-shifts-weekly-rec-5ab69-s-after-a-successful-create/trace.zip
  apps/web/test-results/e2e/calendar-shifts-weekly-rec-5ab69-s-after-a-successful-create/video.webm
  apps/web/tests/e2e/calendar-shifts.spec.ts
  apps/web/tests/e2e/fixtures.ts
--
