Loading svelte-check in workspace: /Users/serkanyeniay/dev/Caluno/apps/web
Getting Svelte diagnostics...

/Users/serkanyeniay/dev/Caluno/apps/web/src/lib/components/calendar/ShiftEditorDialog.svelte:425:21
Warn: Using `on:click` to listen to the click event is deprecated. Use the event attribute `onclick` instead
https://svelte.dev/e/event_directive_deprecated (svelte)
                    data-testid="recurrence-suggestion-accept"
                    on:click={acceptSuggestion}
                  >

/Users/serkanyeniay/dev/Caluno/apps/web/src/lib/components/calendar/ShiftEditorDialog.svelte:433:21
Warn: Using `on:click` to listen to the click event is deprecated. Use the event attribute `onclick` instead
https://svelte.dev/e/event_directive_deprecated (svelte)
                    data-testid="recurrence-suggestion-dismiss"
                    on:click={dismissSuggestion}
                  >

/Users/serkanyeniay/dev/Caluno/apps/web/src/lib/components/calendar/ShiftEditorDialog.svelte:451:23
Warn: Using `on:change` to listen to the change event is deprecated. Use the event attribute `onchange` instead
https://svelte.dev/e/event_directive_deprecated (svelte)
                      checked={recurrenceCadence === ''}
                      on:change={() => setRecurrenceCadence('')}
                    />

/Users/serkanyeniay/dev/Caluno/apps/web/src/lib/components/calendar/ShiftEditorDialog.svelte:463:23
Warn: Using `on:change` to listen to the change event is deprecated. Use the event attribute `onchange` instead
https://svelte.dev/e/event_directive_deprecated (svelte)
                      checked={recurrenceCadence === 'daily'}
                      on:change={() => setRecurrenceCadence('daily')}
                    />

/Users/serkanyeniay/dev/Caluno/apps/web/src/lib/components/calendar/ShiftEditorDialog.svelte:475:23
Warn: Using `on:change` to listen to the change event is deprecated. Use the event attribute `onchange` instead
https://svelte.dev/e/event_directive_deprecated (svelte)
                      checked={recurrenceCadence === 'weekly'}
                      on:change={() => setRecurrenceCadence('weekly')}
                    />

/Users/serkanyeniay/dev/Caluno/apps/web/src/lib/components/calendar/ShiftEditorDialog.svelte:487:23
Warn: Using `on:change` to listen to the change event is deprecated. Use the event attribute `onchange` instead
https://svelte.dev/e/event_directive_deprecated (svelte)
                      checked={recurrenceCadence === 'monthly'}
                      on:change={() => setRecurrenceCadence('monthly')}
                    />

/Users/serkanyeniay/dev/Caluno/apps/web/src/lib/components/calendar/ShiftEditorDialog.svelte:504:19
Warn: Using `on:input` to listen to the input event is deprecated. Use the event attribute `oninput` instead
https://svelte.dev/e/event_directive_deprecated (svelte)
                  value={recurrenceInterval}
                  on:input={(event) => updateTextField(event, 'recurrenceInterval')}
                />

/Users/serkanyeniay/dev/Caluno/apps/web/src/lib/components/calendar/ShiftEditorDialog.svelte:517:19
Warn: Using `on:input` to listen to the input event is deprecated. Use the event attribute `oninput` instead
https://svelte.dev/e/event_directive_deprecated (svelte)
                  value={repeatCount}
                  on:input={(event) => updateTextField(event, 'repeatCount')}
                />

/Users/serkanyeniay/dev/Caluno/apps/web/src/lib/components/calendar/ShiftEditorDialog.svelte:528:19
Warn: Using `on:input` to listen to the input event is deprecated. Use the event attribute `oninput` instead
https://svelte.dev/e/event_directive_deprecated (svelte)
                  value={repeatUntil}
                  on:input={(event) => updateTextField(event, 'repeatUntil')}
                />

====================================
svelte-check found 0 errors and 9 warnings in 1 file
