
Running 5 tests using 1 worker

  ✓  1 tests/e2e/calendar-shifts.spec.ts:31:1 › seeded member can prove the trusted-online Thursday overlap warning while the Wednesday touch boundary stays clean (2.3s)
  ✓  2 tests/e2e/calendar-shifts.spec.ts:126:1 › browse suggestion handoff creates a visible shift on the intended day and does not reopen after reload (2.9s)
  ✘  3 tests/e2e/calendar-shifts.spec.ts:211:1 › weekly recurrence suggestion accept path pre-fills weekly cadence truthfully and resets after a successful create (12.1s)
  -  4 tests/e2e/calendar-shifts.spec.ts:292:1 › weekly recurrence suggestion dismiss path keeps the form blank, stays hidden for the current instance, and returns after reload
  -  5 tests/e2e/calendar-shifts.spec.ts:373:1 › seeded member still gets the explicit denied surface for an unauthorized calendar route


  1) tests/e2e/calendar-shifts.spec.ts:211:1 › weekly recurrence suggestion accept path pre-fills weekly cadence truthfully and resets after a successful create › phase: accept the calm recurrence suggestion and verify only weekly plus interval one are prefilled 

    TimeoutError: locator.click: Timeout 10000ms exceeded.
    Call log:
    [2m  - waiting for getByTestId('recurrence-suggestion-accept')[22m
    [2m    - locator resolved to <button type="button" class="button button-secondary" data-testid="recurrence-suggestion-accept">Use weekly suggestion</button>[22m
    [2m  - attempting click action[22m
    [2m    2 × waiting for element to be visible, enabled and stable[22m
    [2m      - element is not visible[22m
    [2m    - retrying click action[22m
    [2m    - waiting 20ms[22m
    [2m    2 × waiting for element to be visible, enabled and stable[22m
    [2m      - element is not visible[22m
    [2m    - retrying click action[22m
    [2m      - waiting 100ms[22m
    [2m    19 × waiting for element to be visible, enabled and stable[22m
    [2m       - element is not visible[22m
    [2m     - retrying click action[22m
    [2m       - waiting 500ms[22m


      244 |     expect(initialSnapshot.fieldSuggestionState).toBe('idle');
      245 |
    > 246 |     await page.getByTestId('recurrence-suggestion-accept').click();
          |                                                            ^
      247 |
      248 |     const acceptedSnapshot = await readCreateShiftRecurrenceSnapshot(page);
      249 |     expect(acceptedSnapshot.suggestionVisible).toBe(false);
        at /Users/serkanyeniay/dev/Caluno/apps/web/tests/e2e/calendar-shifts.spec.ts:246:60
        at /Users/serkanyeniay/dev/Caluno/apps/web/tests/e2e/calendar-shifts.spec.ts:233:3

    attachment #1: screenshot (image/png) ──────────────────────────────────────────────────────────
    test-results/e2e/calendar-shifts-weekly-rec-5ab69-s-after-a-successful-create/test-failed-1.png
    ────────────────────────────────────────────────────────────────────────────────────────────────

    attachment #3: video (video/webm) ──────────────────────────────────────────────────────────────
    test-results/e2e/calendar-shifts-weekly-rec-5ab69-s-after-a-successful-create/video.webm
    ────────────────────────────────────────────────────────────────────────────────────────────────

    Error Context: test-results/e2e/calendar-shifts-weekly-rec-5ab69-s-after-a-successful-create/error-context.md

    attachment #5: trace (application/zip) ─────────────────────────────────────────────────────────
    test-results/e2e/calendar-shifts-weekly-rec-5ab69-s-after-a-successful-create/trace.zip
    Usage:

        pnpm exec playwright show-trace test-results/e2e/calendar-shifts-weekly-rec-5ab69-s-after-a-successful-create/trace.zip

    ────────────────────────────────────────────────────────────────────────────────────────────────

  1 failed
    tests/e2e/calendar-shifts.spec.ts:211:1 › weekly recurrence suggestion accept path pre-fills weekly cadence truthfully and resets after a successful create 
  2 did not run
  2 passed (22.0s)
