non_gsd_commit_evidence_start
184dddff32b2adb875885a0a187bd53b1613ac8e chore: auto-commit after complete-milestone
751be9d530641716e86c6add976eae7af5d72009 chore: auto-commit after complete-milestone
c1efcac439106170285607acbd05d2eb47c75597 feat: Marked R011 validated from fresh S06 predictive/browser/build evi…
0f31c09e9f667ba71eb8d37dbd74eae408752093 fix: Confirmed the scoped predictive-editor axe proof, fixed a text-col…
6c8abf18aa1bce0a296ce182d8a17730092c3677 feat: Re-ran the mobile predictive smoke from a fresh local Supabase re…
29906dc8a564c172f2bd7042d282558a8aa7b453 test: Added scoped axe coverage for the predictive web create editor an…
d5882d751a2a2edaadf2bccd60c024e8433a65b3 feat: Typed the web calendar route-state proof surface and migrated the…
953da6aab33180e5bf9b4d157f4023657879a16d feat: Confirmed the mobile shift sheet already threads visible-week shi…
a405ff0a7893a64fdf78c611a54a191055334bf3 test: Added mobile predictive Playwright snapshot helpers plus a dedica…
f5872d5a6c665c899f87b6ae9e6930e460ab1ce5 feat: Wired mobile shift sheets to show truthful recurrence suggestions…
0174445a03e7a179ecc6e41988526a10cf0be6f0 feat: Added bounded mobile recurrence-suggestion loading plus explicit…
854ca0a629cad15ee43fb8cc927b3b643cb1d7d3 test: Extracted `deriveShiftEditorClashes()` into `@repo/caluno-core` a…
281776e9793a320cbebe4b6e1e689150a407943e test: Stabilized the web shift-editor Playwright spec so advisory overl…
68b5dac06adf55ea20de70d3144f373f5a3b5661 test: Stabilized the web shift-editor Playwright spec around the new ad…
dcd1792a74864411ed237298d31022aafbd6ec87 feat: Added Playwright create-flow proof for advisory-only overlap warn…
877a16411a7681bb1441d9940bf7f8aafe51b626 test: Added live warning-only clash advisory state to the shared web sh…
f4394dcf349e8d53d87cac685fda18a1a348fdef feat: Threaded one route-derived visible-week `existingShifts` list int…
f12ede4bfc27d6f36bf912e70bec9c1e7c0a17e5 fix: Fixed recurring create reconciliation so accepted recurrence sugge…
0dc19a6208d76c682fcb0d8f13ab1c4961a25b00 test: Threaded recurrence suggestion data into the web create dialog, a…
017be5154e8ded0a49b0e04f4256f1339887ecbe feat: Added a bounded protected-route recurrence suggestion contract an…
non_gsd_commit_evidence_end
