
Running 5 tests using 1 worker

  ✓  1 tests/e2e/calendar-shifts.spec.ts:46:1 › seeded member can prove the trusted-online Thursday overlap warning while the Wednesday touch boundary stays clean (2.3s)
  ✓  2 tests/e2e/calendar-shifts.spec.ts:141:1 › browse suggestion handoff creates a visible shift on the intended day and does not reopen after reload (2.6s)
  ✘  3 tests/e2e/calendar-shifts.spec.ts:226:1 › weekly recurrence suggestion accept path pre-fills weekly cadence truthfully and resets after a successful create (12.3s)
  -  4 tests/e2e/calendar-shifts.spec.ts:308:1 › weekly recurrence suggestion dismiss path keeps the form blank, stays hidden for the current instance, and returns after reload
  -  5 tests/e2e/calendar-shifts.spec.ts:389:1 › seeded member still gets the explicit denied surface for an unauthorized calendar route


  1) tests/e2e/calendar-shifts.spec.ts:226:1 › weekly recurrence suggestion accept path pre-fills weekly cadence truthfully and resets after a successful create › phase: submit a truthful bounded create, then prove success reset restores blank fields and a fresh suggestion surface 

    Error: [2mexpect([22m[31mlocator[39m[2m).not.[22mtoHaveAttribute[2m([22m[32mexpected[39m[2m)[22m failed

    Locator:  getByTestId('create-shift-editor')
    Expected: not [32m""[39m
    Received: [31m""[39m
    Timeout:  10000ms

    Call log:
    [2m  - Expect "not toHaveAttribute" with timeout 10000ms[22m
    [2m  - waiting for getByTestId('create-shift-editor')[22m
    [2m    14 × locator resolved to <details open="" data-create-source="manual" data-open-on-arrival="false" data-testid="create-shift-editor" class="shift-editor shift-editor--create">…</details>[22m
    [2m       - unexpected value ""[22m


      283 |
      284 |     await expect(page.locator('[data-testid^="shift-card-"]').filter({ hasText: createdTitle }).first()).toBeVisible();
    > 285 |     await expect(editor).not.toHaveAttribute('open', '');
          |                              ^
      286 |
      287 |     const resetSnapshot = await readCreateShiftRecurrenceSnapshot(page);
      288 |     expect(resetSnapshot.suggestionVisible).toBe(true);
        at /Users/serkanyeniay/dev/Caluno/apps/web/tests/e2e/calendar-shifts.spec.ts:285:30
        at /Users/serkanyeniay/dev/Caluno/apps/web/tests/e2e/calendar-shifts.spec.ts:277:3

    attachment #1: screenshot (image/png) ──────────────────────────────────────────────────────────
    test-results/e2e/calendar-shifts-weekly-rec-5ab69-s-after-a-successful-create/test-failed-1.png
    ────────────────────────────────────────────────────────────────────────────────────────────────

    attachment #3: video (video/webm) ──────────────────────────────────────────────────────────────
    test-results/e2e/calendar-shifts-weekly-rec-5ab69-s-after-a-successful-create/video.webm
    ────────────────────────────────────────────────────────────────────────────────────────────────

    Error Context: test-results/e2e/calendar-shifts-weekly-rec-5ab69-s-after-a-successful-create/error-context.md

    attachment #5: trace (application/zip) ─────────────────────────────────────────────────────────
    test-results/e2e/calendar-shifts-weekly-rec-5ab69-s-after-a-successful-create/trace.zip
    Usage:

        pnpm exec playwright show-trace test-results/e2e/calendar-shifts-weekly-rec-5ab69-s-after-a-successful-create/trace.zip

    ────────────────────────────────────────────────────────────────────────────────────────────────

  1 failed
    tests/e2e/calendar-shifts.spec.ts:226:1 › weekly recurrence suggestion accept path pre-fills weekly cadence truthfully and resets after a successful create 
  2 did not run
  2 passed (20.4s)
