apps/mobile/ios/App/CapApp-SPM/Package.swift
apps/mobile/package.json
apps/mobile/src/lib/components/calendar/MobileCalendarBoard.svelte
apps/mobile/src/lib/components/calendar/ShiftCard.svelte
apps/mobile/src/lib/components/calendar/ShiftEditorSheet.svelte
apps/mobile/src/lib/components/calendar/shift-editor-predictive.ts
apps/mobile/src/lib/components/notifications/CalendarNotificationToggle.svelte
apps/mobile/src/lib/find-time/transport.ts
apps/mobile/src/lib/notifications/calendar-change-dispatch.ts
apps/mobile/src/lib/notifications/device-installation.ts
apps/mobile/src/lib/notifications/local-notifications.ts
apps/mobile/src/lib/notifications/presentation.ts
apps/mobile/src/lib/notifications/push-notifications.ts
apps/mobile/src/lib/notifications/router.ts
apps/mobile/src/lib/notifications/runtime.ts
apps/mobile/src/lib/notifications/scheduler.ts
apps/mobile/src/lib/notifications/state.ts
apps/mobile/src/lib/notifications/transport.ts
apps/mobile/src/lib/notifications/types.ts
apps/mobile/src/lib/offline/app-lifecycle.ts
apps/mobile/src/lib/offline/controller.ts
apps/mobile/src/lib/offline/repository.ts
apps/mobile/src/lib/offline/transport.ts
apps/mobile/src/lib/schedule/create-prefill-arrival.ts
apps/mobile/src/lib/shell/load-app-shell.ts
apps/mobile/src/lib/supabase/client.ts
apps/mobile/src/routes/+layout.svelte
apps/mobile/src/routes/calendars/[calendarId]/+page.svelte
apps/mobile/src/routes/calendars/[calendarId]/find-time/+page.svelte
apps/mobile/src/routes/groups/+page.svelte
apps/mobile/tests/e2e/calendar-notifications.spec.ts
apps/mobile/tests/e2e/calendar-offline.spec.ts
apps/mobile/tests/e2e/find-time-handoff.spec.ts
apps/mobile/tests/e2e/fixtures.ts
apps/mobile/tests/e2e/mobile-assembly.spec.ts
apps/mobile/tests/e2e/mobile-predictive.spec.ts
apps/mobile/tests/mobile-create-prefill.unit.test.ts
apps/mobile/tests/mobile-notification-contract.unit.test.ts
apps/mobile/tests/mobile-notification-router.unit.test.ts
apps/mobile/tests/mobile-notification-runtime.unit.test.ts
