248:.inline-state,
263:.inline-state,
279:.inline-state strong,
535:.recurrence-fields,
536:.recurrence-fields__header,
537:.recurrence-fields__grid,
638:.shift-day-column__conflict {
682:.shift-card__conflict {
725:.recurrence-fields__header {
750:.recurrence-fields {
757:.recurrence-fields__grid {
767:.recurrence-cadence-options {
773:.recurrence-cadence-option {
785:.recurrence-cadence-option input {
790:.recurrence-cadence-option strong,
791:.recurrence-cadence-option small {
795:.recurrence-cadence-option strong {
799:.recurrence-cadence-option small {
803:.recurrence-cadence-option.is-selected {
841:  .recurrence-fields__grid,
842:  .recurrence-cadence-options {
