BASE=5185cdff484bc11e4d2a753a76115294ecfdc3e8
HEAD=5185cdff484bc11e4d2a753a76115294ecfdc3e8
MODE=self-diff
MILESTONE_COMMIT_COUNT=21
COMMIT=2645aa5ca0808da2975810e4d7cac46361b86cfd chore: auto-commit after complete-milestone
apps/web/.svelte-kit/adapter-node/chunks/internal.js
apps/web/.svelte-kit/adapter-node/manifest-full.js
apps/web/.svelte-kit/adapter-node/manifest.js
apps/web/.svelte-kit/adapter-node/nodes/1.js
apps/web/.svelte-kit/adapter-node/nodes/2.js
apps/web/.svelte-kit/adapter-node/nodes/4.js
apps/web/.svelte-kit/generated/server/internal.js
apps/web/.svelte-kit/output/client/.vite/manifest.json
apps/web/.svelte-kit/output/client/_app/immutable/chunks/DEXhDUlg.js
apps/web/.svelte-kit/output/client/_app/immutable/chunks/bHHbRg32.js
apps/web/.svelte-kit/output/client/_app/immutable/entry/app.CAMjxmz7.js
apps/web/.svelte-kit/output/client/_app/immutable/entry/start.BIMm5IFi.js
apps/web/.svelte-kit/output/client/_app/immutable/entry/start.BtfIRMLm.js
apps/web/.svelte-kit/output/client/_app/immutable/nodes/1.BRT2IQ5R.js
apps/web/.svelte-kit/output/client/_app/immutable/nodes/2.Cp_LgqVg.js
apps/web/.svelte-kit/output/client/_app/immutable/nodes/4.77WLMirD.js
apps/web/.svelte-kit/output/client/_app/version.json
apps/web/.svelte-kit/output/client/service-worker.js
apps/web/.svelte-kit/output/server/chunks/internal.js
apps/web/.svelte-kit/output/server/manifest-full.js
apps/web/.svelte-kit/output/server/manifest.js
apps/web/.svelte-kit/output/server/nodes/1.js
apps/web/.svelte-kit/output/server/nodes/2.js
apps/web/.svelte-kit/output/server/nodes/4.js
apps/web/test-results/e2e/.last-run.json
apps/web/test-results/e2e/auth-groups-access-join-on-156de-loses-access-after-sign-out/trace.zip
apps/web/test-results/e2e/auth-groups-access-join-on-156de-loses-access-after-sign-out/video.webm
apps/web/test-results/e2e/calendar-shifts-touching-b-4889b-advisory-free-before-submit/error-context.md
apps/web/test-results/e2e/calendar-shifts-touching-b-4889b-advisory-free-before-submit/test-failed-1.png
apps/web/test-results/e2e/calendar-shifts-touching-b-4889b-advisory-free-before-submit/trace.zip
apps/web/test-results/e2e/calendar-shifts-touching-b-4889b-advisory-free-before-submit/video.webm
apps/web/test-results/e2e/find-time-permitted-member-a75b2-on-the-real-find-time-route/error-context.md
apps/web/test-results/e2e/find-time-permitted-member-a75b2-on-the-real-find-time-route/test-failed-1.png
apps/web/test-results/e2e/find-time-permitted-member-a75b2-on-the-real-find-time-route/trace.zip
apps/web/test-results/e2e/find-time-permitted-member-a75b2-on-the-real-find-time-route/video.webm
COMMIT=48c184102a83a9a7970893b179f07f60a3196a5b chore: auto-commit after complete-milestone
apps/web/.svelte-kit/adapter-node/chunks/internal.js
apps/web/.svelte-kit/adapter-node/manifest-full.js
apps/web/.svelte-kit/adapter-node/manifest.js
apps/web/.svelte-kit/adapter-node/nodes/1.js
apps/web/.svelte-kit/adapter-node/nodes/2.js
apps/web/.svelte-kit/adapter-node/nodes/4.js
apps/web/.svelte-kit/generated/server/internal.js
apps/web/.svelte-kit/output/client/.vite/manifest.json
apps/web/.svelte-kit/output/client/_app/immutable/chunks/BVDj2TQX.js
apps/web/.svelte-kit/output/client/_app/immutable/chunks/BgTCOfq0.js
apps/web/.svelte-kit/output/client/_app/immutable/chunks/DK6ljXyO.js
apps/web/.svelte-kit/output/client/_app/immutable/entry/app.B73YaSoC.js
apps/web/.svelte-kit/output/client/_app/immutable/entry/start.BNCE8Q8n.js
apps/web/.svelte-kit/output/client/_app/immutable/entry/start.BtfIRMLm.js
apps/web/.svelte-kit/output/client/_app/immutable/nodes/1.DcVtgufy.js
apps/web/.svelte-kit/output/client/_app/immutable/nodes/2.BnK_9FEH.js
apps/web/.svelte-kit/output/client/_app/immutable/nodes/4.CTnsAeBx.js
apps/web/.svelte-kit/output/client/_app/version.json
apps/web/.svelte-kit/output/client/service-worker.js
apps/web/.svelte-kit/output/server/chunks/internal.js
apps/web/.svelte-kit/output/server/manifest-full.js
apps/web/.svelte-kit/output/server/manifest.js
apps/web/.svelte-kit/output/server/nodes/1.js
apps/web/.svelte-kit/output/server/nodes/2.js
apps/web/.svelte-kit/output/server/nodes/4.js
apps/web/test-results/e2e/auth-groups-access-join-on-156de-loses-access-after-sign-out/trace.zip
apps/web/test-results/e2e/auth-groups-access-join-on-156de-loses-access-after-sign-out/video.webm
apps/web/test-results/e2e/calendar-shifts-touching-b-4889b-advisory-free-before-submit/error-context.md
apps/web/test-results/e2e/calendar-shifts-touching-b-4889b-advisory-free-before-submit/test-failed-1.png
apps/web/test-results/e2e/calendar-shifts-touching-b-4889b-advisory-free-before-submit/trace.zip
apps/web/test-results/e2e/calendar-shifts-touching-b-4889b-advisory-free-before-submit/video.webm
apps/web/test-results/e2e/find-time-permitted-member-a75b2-on-the-real-find-time-route/trace.zip
apps/web/test-results/e2e/find-time-permitted-member-a75b2-on-the-real-find-time-route/video.webm
