HEAD=751be9d530641716e86c6add976eae7af5d72009
MERGE_BASE=751be9d530641716e86c6add976eae7af5d72009

COMMITS:
751be9d (HEAD -> main) chore: auto-commit after complete-milestone
c1efcac feat: Marked R011 validated from fresh S06 predictive/browser/build evi…
0f31c09 fix: Confirmed the scoped predictive-editor axe proof, fixed a text-col…
6c8abf1 feat: Re-ran the mobile predictive smoke from a fresh local Supabase re…
29906dc test: Added scoped axe coverage for the predictive web create editor an…
d5882d7 feat: Typed the web calendar route-state proof surface and migrated the…
953da6a feat: Confirmed the mobile shift sheet already threads visible-week shi…
a405ff0 test: Added mobile predictive Playwright snapshot helpers plus a dedica…
f5872d5 feat: Wired mobile shift sheets to show truthful recurrence suggestions…
0174445 feat: Added bounded mobile recurrence-suggestion loading plus explicit…
854ca0a test: Extracted `deriveShiftEditorClashes()` into `@repo/caluno-core` a…
281776e test: Stabilized the web shift-editor Playwright spec so advisory overl…
68b5dac test: Stabilized the web shift-editor Playwright spec around the new ad…
dcd1792 feat: Added Playwright create-flow proof for advisory-only overlap warn…
877a164 test: Added live warning-only clash advisory state to the shared web sh…
f4394dc feat: Threaded one route-derived visible-week `existingShifts` list int…
f12ede4 fix: Fixed recurring create reconciliation so accepted recurrence sugge…
0dc19a6 test: Threaded recurrence suggestion data into the web create dialog, a…
017be51 feat: Added a bounded protected-route recurrence suggestion contract an…
b82fd04 feat: Added shared advisory conflict previewing in caluno-core and cove…
4c3b6e0 test: Added a deterministic shared weekly recurrence detector in caluno…
9f5e452 test: Added final assembled mobile tracer-bullet spec (5 phases: sign-i…
fdc507a feat: Upgraded the Playwright notification harness with dispatch interc…
c6af809 test: Wired best-effort shared-change dispatch into all four mobile sch…
c6bab0d test: Added best-effort shared-change dispatch to all four trusted web…
2035d9c feat: Added the shared-change dispatch seam, Playwright notification ha…
50ac913 feat: Added a truthful per-calendar notification toggle UI and scope-sa…
3162337 feat: Added Capacitor-backed notification adapters and a deterministic…
27521b1 test: Added the mobile device-notification control plane with stable in…
e07a6d6 test: Added mobile Find time handoff E2E coverage and bundled it into t…
f4644e0 feat: Wired the mobile calendar Find time entrypoint, compact result ca…
66f651a test: Added the mobile find-time route, trusted Supabase transport, and…
a5f48ee test: Extracted shared find-time matcher/ranking and create-prefill con…
b1eddc3 fix: Fixed the mobile offline continuity proof harness to target real C…
2c66727 feat: Replaced the mobile calendar placeholder with a phone-first local…
0a9c557 test: Stabilized the mobile local-first sync runtime by fixing the trus…
7d51396 feat: Added Preferences-backed mobile continuity so trusted calendars c…
39a936e test: Extracted offline continuity and schedule helpers into @repo/calu…
00df93c feat: Added the mobile Playwright proof, reachable shell sign-out obser…
f60a599 feat: Shipped the mobile trusted shell loader, phone-first groups/calen…
1e61f4d chore: Added a singleton mobile Supabase auth bootstrap with real passw…
63348bb feat: Extracted the shared trusted-scope helpers into @repo/caluno-core…
b201299 feat: Added deterministic find-time suggestion CTAs and proved the sugg…
f547d26 feat: Wired calendar handoff prefills through the create dialog, consum…
dc172ff feat: Added a shared create-prefill contract that derives slot-based ca…
58b1041 feat: Rendered ranked Top picks explanations on /find-time and proved s…
a479c84 feat: Hardened the find-time route contract so ready responses ship exp…
2fcde49 feat: Added pre-truncation find-time ranking with nearby-constraint exp…
100a574 feat: Shipped the protected find-time page, calendar entrypoint, and of…
802db9c feat: Added calendar-scoped shift assignments, a trusted roster/availab…
