integration_branch=main
merge_base=cef1c6da9ddfa6b4d22db8a47dfd8113cd9d9ef8
head=cef1c6da9ddfa6b4d22db8a47dfd8113cd9d9ef8
self_diff_retry=true
milestone_commit_non_gsd_files:
"apps/mobile/test-results/e2e/mobile-assembly-phase-4-\342\200\224--264e1-ds-in-the-permitted-context/error-context.md"
"apps/mobile/test-results/e2e/mobile-assembly-phase-4-\342\200\224--264e1-ds-in-the-permitted-context/test-failed-1.png"
"apps/mobile/test-results/e2e/mobile-assembly-phase-4-\342\200\224--264e1-ds-in-the-permitted-context/trace.zip"
"apps/mobile/test-results/e2e/mobile-assembly-phase-4-\342\200\224--264e1-ds-in-the-permitted-context/video.webm"
apps/mobile/.svelte-kit/ambient.d.ts
apps/mobile/.svelte-kit/generated/server/internal.js
apps/mobile/.svelte-kit/output/client/.vite/manifest.json
apps/mobile/.svelte-kit/output/client/_app/immutable/assets/3.2cctJfKW.css
apps/mobile/.svelte-kit/output/client/_app/immutable/assets/3.BBom593b.css
apps/mobile/.svelte-kit/output/client/_app/immutable/chunks/A6cbcEcB.js
apps/mobile/.svelte-kit/output/client/_app/immutable/chunks/B8U8lUsc.js
apps/mobile/.svelte-kit/output/client/_app/immutable/chunks/BZasoIi_.js
apps/mobile/.svelte-kit/output/client/_app/immutable/chunks/BwBoA2p-.js
apps/mobile/.svelte-kit/output/client/_app/immutable/chunks/C0Rw5ZRo.js
apps/mobile/.svelte-kit/output/client/_app/immutable/chunks/C3jaeQPD.js
apps/mobile/.svelte-kit/output/client/_app/immutable/chunks/CBM4mgl0.js
apps/mobile/.svelte-kit/output/client/_app/immutable/chunks/CDPenH6r.js
apps/mobile/.svelte-kit/output/client/_app/immutable/chunks/CQzsS4ST.js
apps/mobile/.svelte-kit/output/client/_app/immutable/chunks/Cdb3Jq3d.js
apps/mobile/.svelte-kit/output/client/_app/immutable/chunks/CnLv0cUZ.js
apps/mobile/.svelte-kit/output/client/_app/immutable/chunks/CwH9MxMB.js
apps/mobile/.svelte-kit/output/client/_app/immutable/chunks/D5Uw-8Tm.js
apps/mobile/.svelte-kit/output/client/_app/immutable/chunks/DIOnLjF-.js
apps/mobile/.svelte-kit/output/client/_app/immutable/chunks/DJZMxGnx.js
apps/mobile/.svelte-kit/output/client/_app/immutable/chunks/DLvnSxBc.js
apps/mobile/.svelte-kit/output/client/_app/immutable/chunks/DRKz6BHh.js
apps/mobile/.svelte-kit/output/client/_app/immutable/chunks/Dc_qcLHr.js
apps/mobile/.svelte-kit/output/client/_app/immutable/chunks/DhLoL4Ss.js
apps/mobile/.svelte-kit/output/client/_app/immutable/chunks/DtJzszPE.js
apps/mobile/.svelte-kit/output/client/_app/immutable/chunks/P_iUwMq6.js
apps/mobile/.svelte-kit/output/client/_app/immutable/chunks/ZMV1yJoX.js
apps/mobile/.svelte-kit/output/client/_app/immutable/chunks/ZohZBtAE.js
apps/mobile/.svelte-kit/output/client/_app/immutable/chunks/pYZvFYkO.js
apps/mobile/.svelte-kit/output/client/_app/immutable/chunks/q8iQJlaz.js
apps/mobile/.svelte-kit/output/client/_app/immutable/entry/app.CQbXogar.js
apps/mobile/.svelte-kit/output/client/_app/immutable/entry/app.wS_FjZUf.js
apps/mobile/.svelte-kit/output/client/_app/immutable/entry/start.CdUqSfEz.js
apps/mobile/.svelte-kit/output/client/_app/immutable/entry/start.DHAP3SHc.js
apps/mobile/.svelte-kit/output/client/_app/immutable/entry/start.DTkxUAav.js
apps/mobile/.svelte-kit/output/client/_app/immutable/nodes/0.Bee2VGvh.js
apps/mobile/.svelte-kit/output/client/_app/immutable/nodes/0.D5vP8po1.js
apps/mobile/.svelte-kit/output/client/_app/immutable/nodes/1.Dk5KnKiX.js
apps/mobile/.svelte-kit/output/client/_app/immutable/nodes/1.ezbJ9OmE.js
apps/mobile/.svelte-kit/output/client/_app/immutable/nodes/2.96VQ3civ.js
apps/mobile/.svelte-kit/output/client/_app/immutable/nodes/2.Dxmml6k-.js
apps/mobile/.svelte-kit/output/client/_app/immutable/nodes/3.B19kwawS.js
apps/mobile/.svelte-kit/output/client/_app/immutable/nodes/3.B3DC9xk6.js
apps/mobile/.svelte-kit/output/client/_app/immutable/nodes/3.V23U9zQT.js
apps/mobile/.svelte-kit/output/client/_app/immutable/nodes/4.BWdQ84S_.js
apps/mobile/.svelte-kit/output/client/_app/immutable/nodes/4.Bzov4rK1.js
apps/mobile/.svelte-kit/output/client/_app/immutable/nodes/4.SNszQ2yf.js
apps/mobile/.svelte-kit/output/client/_app/immutable/nodes/5.Cz7DSVcT.js
apps/mobile/.svelte-kit/output/client/_app/immutable/nodes/5.Dpy6tlF-.js
apps/mobile/.svelte-kit/output/client/_app/immutable/nodes/6.CUKCdAsl.js
apps/mobile/.svelte-kit/output/client/_app/immutable/nodes/6.CVf3TTdd.js
apps/mobile/.svelte-kit/output/client/_app/version.json
apps/mobile/.svelte-kit/output/server/chunks/internal.js
apps/mobile/.svelte-kit/output/server/entries/pages/calendars/_calendarId_/_page.svelte.js
apps/mobile/.svelte-kit/output/server/manifest-full.js
apps/mobile/.svelte-kit/output/server/manifest.js
apps/mobile/.svelte-kit/output/server/nodes/0.js
apps/mobile/.svelte-kit/output/server/nodes/1.js
apps/mobile/.svelte-kit/output/server/nodes/2.js
apps/mobile/.svelte-kit/output/server/nodes/3.js
apps/mobile/.svelte-kit/output/server/nodes/4.js
apps/mobile/.svelte-kit/output/server/nodes/5.js
apps/mobile/.svelte-kit/output/server/nodes/6.js
apps/mobile/test-results/e2e/.last-run.json
apps/mobile/test-results/e2e/find-time-handoff-permitte-ca7b0-nd-reload-without-reopening/error-context.md
apps/mobile/test-results/e2e/find-time-handoff-permitte-ca7b0-nd-reload-without-reopening/test-failed-1.png
apps/mobile/test-results/e2e/find-time-handoff-permitte-ca7b0-nd-reload-without-reopening/trace.zip
apps/mobile/test-results/e2e/find-time-handoff-permitte-ca7b0-nd-reload-without-reopening/video.webm
apps/web/.svelte-kit/adapter-node/.vite/manifest.json
apps/web/.svelte-kit/adapter-node/_app/immutable/assets/_layout.DC0RInou.css
apps/web/.svelte-kit/adapter-node/_app/immutable/assets/_page.wV_2nAVL.css
apps/web/.svelte-kit/adapter-node/chunks/access.js
apps/web/.svelte-kit/adapter-node/chunks/board.js
apps/web/.svelte-kit/adapter-node/chunks/create-prefill.js
apps/web/.svelte-kit/adapter-node/chunks/internal.js
apps/web/.svelte-kit/adapter-node/chunks/recurrence.js
apps/web/.svelte-kit/adapter-node/chunks/route-contract.js
apps/web/.svelte-kit/adapter-node/entries/hooks.server.js
apps/web/.svelte-kit/adapter-node/entries/pages/(app)/_layout.ts.js
apps/web/.svelte-kit/adapter-node/entries/pages/(app)/calendars/_calendarId_/_page.server.ts.js
apps/web/.svelte-kit/adapter-node/entries/pages/(app)/calendars/_calendarId_/_page.svelte.js
apps/web/.svelte-kit/adapter-node/entries/pages/(app)/calendars/_calendarId_/_page.ts.js
apps/web/.svelte-kit/adapter-node/entries/pages/(app)/calendars/_calendarId_/find-time/_page.server.ts.js
apps/web/.svelte-kit/adapter-node/entries/pages/(app)/calendars/_calendarId_/find-time/_page.svelte.js
apps/web/.svelte-kit/adapter-node/entries/pages/(app)/calendars/_calendarId_/find-time/_page.ts.js
apps/web/.svelte-kit/adapter-node/entries/pages/(app)/groups/_page.server.ts.js
apps/web/.svelte-kit/adapter-node/manifest-full.js
apps/web/.svelte-kit/adapter-node/manifest.js
apps/web/.svelte-kit/adapter-node/nodes/0.js
apps/web/.svelte-kit/adapter-node/nodes/1.js
apps/web/.svelte-kit/adapter-node/nodes/2.js
apps/web/.svelte-kit/adapter-node/nodes/3.js
apps/web/.svelte-kit/adapter-node/nodes/4.js
apps/web/.svelte-kit/adapter-node/nodes/5.js
apps/web/.svelte-kit/adapter-node/nodes/6.js
apps/web/.svelte-kit/adapter-node/nodes/7.js
apps/web/.svelte-kit/ambient.d.ts
apps/web/.svelte-kit/generated/client-optimized/app.js
apps/web/.svelte-kit/generated/client-optimized/nodes/5.js
apps/web/.svelte-kit/generated/client-optimized/nodes/6.js
apps/web/.svelte-kit/generated/client-optimized/nodes/7.js
apps/web/.svelte-kit/generated/server/internal.js
apps/web/.svelte-kit/output/client/.vite/manifest.json
apps/web/.svelte-kit/output/client/_app/immutable/assets/0.DC0RInou.css
apps/web/.svelte-kit/output/client/_app/immutable/assets/5.wV_2nAVL.css
apps/web/.svelte-kit/output/client/_app/immutable/chunks/BIyNKtvS.js
apps/web/.svelte-kit/output/client/_app/immutable/chunks/BNQEOYEk.js
apps/web/.svelte-kit/output/client/_app/immutable/chunks/BT5sq5Lg.js
apps/web/.svelte-kit/output/client/_app/immutable/chunks/BWcPjAJn.js
apps/web/.svelte-kit/output/client/_app/immutable/chunks/BcHGQQwv.js
apps/web/.svelte-kit/output/client/_app/immutable/chunks/Bgn2yaYW.js
apps/web/.svelte-kit/output/client/_app/immutable/chunks/BlIAoSI7.js
apps/web/.svelte-kit/output/client/_app/immutable/chunks/C-ffgH8v.js
apps/web/.svelte-kit/output/client/_app/immutable/chunks/C0IRkBfy.js
apps/web/.svelte-kit/output/client/_app/immutable/chunks/CZ5TP99Q.js
apps/web/.svelte-kit/output/client/_app/immutable/chunks/C_476Q2x.js
apps/web/.svelte-kit/output/client/_app/immutable/chunks/Cg5Gs5n7.js
apps/web/.svelte-kit/output/client/_app/immutable/chunks/CinHc9Pg.js
apps/web/.svelte-kit/output/client/_app/immutable/chunks/Cnou3hnx.js
apps/web/.svelte-kit/output/client/_app/immutable/chunks/CwNT8IMb.js
apps/web/.svelte-kit/output/client/_app/immutable/chunks/D58iBqSA.js
apps/web/.svelte-kit/output/client/_app/immutable/chunks/D5EpjGQt.js
apps/web/.svelte-kit/output/client/_app/immutable/chunks/DOMc5UJB.js
apps/web/.svelte-kit/output/client/_app/immutable/chunks/XccW2AWw.js
apps/web/.svelte-kit/output/client/_app/immutable/chunks/Z3FZk6iU.js
apps/web/.svelte-kit/output/client/_app/immutable/chunks/bY-7bDrD.js
apps/web/.svelte-kit/output/client/_app/immutable/chunks/vOItGLpa.js
apps/web/.svelte-kit/output/client/_app/immutable/entry/app.B8M7aJ8x.js
apps/web/.svelte-kit/output/client/_app/immutable/entry/app.BAMcjhBl.js
apps/web/.svelte-kit/output/client/_app/immutable/entry/app.CzDoDn9w.js
apps/web/.svelte-kit/output/client/_app/immutable/entry/start.BTFRMBBV.js
apps/web/.svelte-kit/output/client/_app/immutable/entry/start.BW5lAAR0.js
apps/web/.svelte-kit/output/client/_app/immutable/entry/start.Xjw4KZ9s.js
apps/web/.svelte-kit/output/client/_app/immutable/nodes/0.wwDtjeDr.js
apps/web/.svelte-kit/output/client/_app/immutable/nodes/1.g4VeS-vR.js
apps/web/.svelte-kit/output/client/_app/immutable/nodes/1.hc1H9-5k.js
apps/web/.svelte-kit/output/client/_app/immutable/nodes/2.D_bfnQIZ.js
apps/web/.svelte-kit/output/client/_app/immutable/nodes/2.EgK0tvae.js
apps/web/.svelte-kit/output/client/_app/immutable/nodes/3.CT-hjByW.js
apps/web/.svelte-kit/output/client/_app/immutable/nodes/4.CPsmWsw8.js
apps/web/.svelte-kit/output/client/_app/immutable/nodes/4.LoRQXaQA.js
apps/web/.svelte-kit/output/client/_app/immutable/nodes/4.NJJ-9ek7.js
apps/web/.svelte-kit/output/client/_app/immutable/nodes/5.8DDdL3Jz.js
apps/web/.svelte-kit/output/client/_app/immutable/nodes/6.BKXhBF4H.js
apps/web/.svelte-kit/output/client/_app/immutable/nodes/7.BuQgnRyP.js
apps/web/.svelte-kit/output/client/_app/version.json
apps/web/.svelte-kit/output/client/service-worker.js
apps/web/.svelte-kit/output/server/.vite/manifest.json
apps/web/.svelte-kit/output/server/_app/immutable/assets/_layout.DC0RInou.css
apps/web/.svelte-kit/output/server/_app/immutable/assets/_page.wV_2nAVL.css
apps/web/.svelte-kit/output/server/chunks/access.js
apps/web/.svelte-kit/output/server/chunks/board.js
apps/web/.svelte-kit/output/server/chunks/create-prefill.js
apps/web/.svelte-kit/output/server/chunks/internal.js
apps/web/.svelte-kit/output/server/chunks/recurrence.js
apps/web/.svelte-kit/output/server/chunks/route-contract.js
apps/web/.svelte-kit/output/server/entries/hooks.server.js
apps/web/.svelte-kit/output/server/entries/pages/(app)/_layout.ts.js
apps/web/.svelte-kit/output/server/entries/pages/(app)/calendars/_calendarId_/_page.server.ts.js
apps/web/.svelte-kit/output/server/entries/pages/(app)/calendars/_calendarId_/_page.svelte.js
apps/web/.svelte-kit/output/server/entries/pages/(app)/calendars/_calendarId_/_page.ts.js
apps/web/.svelte-kit/output/server/entries/pages/(app)/calendars/_calendarId_/find-time/_page.server.ts.js
apps/web/.svelte-kit/output/server/entries/pages/(app)/calendars/_calendarId_/find-time/_page.svelte.js
apps/web/.svelte-kit/output/server/entries/pages/(app)/calendars/_calendarId_/find-time/_page.ts.js
apps/web/.svelte-kit/output/server/entries/pages/(app)/groups/_page.server.ts.js
apps/web/.svelte-kit/output/server/manifest-full.js
apps/web/.svelte-kit/output/server/manifest.js
apps/web/.svelte-kit/output/server/nodes/0.js
apps/web/.svelte-kit/output/server/nodes/1.js
apps/web/.svelte-kit/output/server/nodes/2.js
apps/web/.svelte-kit/output/server/nodes/3.js
apps/web/.svelte-kit/output/server/nodes/4.js
apps/web/.svelte-kit/output/server/nodes/5.js
apps/web/.svelte-kit/output/server/nodes/6.js
apps/web/.svelte-kit/output/server/nodes/7.js
apps/web/.svelte-kit/types/src/routes/(app)/calendars/[calendarId]/proxy+page.server.ts
apps/web/src/app.css
apps/web/src/lib/components/calendar/CalendarWeekBoard.svelte
apps/web/src/lib/components/calendar/ShiftEditorDialog.svelte
apps/web/src/routes/(app)/calendars/[calendarId]/+page.svelte
apps/web/test-results/e2e/.last-run.json
apps/web/test-results/e2e/calendar-offline-preview-p-92077-e-offline-continuity-begins/error-context.md
apps/web/test-results/e2e/calendar-offline-preview-p-92077-e-offline-continuity-begins/test-failed-1.png
apps/web/test-results/e2e/calendar-offline-preview-p-92077-e-offline-continuity-begins/trace.zip
apps/web/test-results/e2e/calendar-offline-preview-p-92077-e-offline-continuity-begins/video.webm
apps/web/test-results/e2e/calendar-shifts-weekly-rec-5ab69-s-after-a-successful-create/error-context.md
apps/web/test-results/e2e/calendar-shifts-weekly-rec-5ab69-s-after-a-successful-create/test-failed-1.png
apps/web/test-results/e2e/calendar-shifts-weekly-rec-5ab69-s-after-a-successful-create/trace.zip
apps/web/test-results/e2e/calendar-shifts-weekly-rec-5ab69-s-after-a-successful-create/video.webm
apps/web/tests/e2e/calendar-shifts.spec.ts
apps/web/tests/e2e/fixtures.ts
