
> mobile@0.0.1 check /Users/serkanyeniay/dev/Caluno/apps/mobile
> svelte-kit sync && svelte-check --tsconfig ./tsconfig.json

Loading svelte-check in workspace: /Users/serkanyeniay/dev/Caluno/apps/mobile
Getting Svelte diagnostics...

/Users/serkanyeniay/dev/Caluno/apps/mobile/src/routes/calendars/[calendarId]/+page.svelte:272:76
Error: Logical expressions and coalesce expressions cannot be mixed. Wrap either by parentheses
https://svelte.dev/e/js_parse_error (svelte)
  async function ensureCalendarRuntime() {
    const diagnosticCalendarId = activeCalendar?.id ?? attemptedCalendarId || null;

/Users/serkanyeniay/dev/Caluno/apps/mobile/src/routes/calendars/[calendarId]/+page.svelte:272:34
Error: '??' and '||' operations cannot be mixed without parentheses. (ts)
  async function ensureCalendarRuntime() {
    const diagnosticCalendarId = activeCalendar?.id ?? attemptedCalendarId || null;

/Users/serkanyeniay/dev/Caluno/apps/mobile/tests/mobile-notification-contract.unit.test.ts:799:7
Error: Type '{ functions: { invoke: Mock<() => Promise<unknown>>; }; }' is not assignable to type 'MobileSupabaseFunctionsSeam'.
  The types returned by 'functions.invoke(...)' are incompatible between these types.
    Type 'Promise<unknown>' is not assignable to type 'Promise<{ data: unknown; error: { message: string; } | null; }>'.
      Type 'unknown' is not assignable to type '{ data: unknown; error: { message: string; } | null; }'. 
    const result = await dispatchMobileCalendarChange({
      client,
      calendarId: validCalendarId,

/Users/serkanyeniay/dev/Caluno/apps/mobile/tests/mobile-notification-runtime.unit.test.ts:791:50
Error: Argument of type '{ action: "delete"; url: string; visibleWeekStart: string; formData: FormData; }' is not assignable to parameter of type 'ReconnectDrainActionRequest'.
  Type '{ action: "delete"; url: string; visibleWeekStart: string; formData: FormData; }' is missing the following properties from type 'ReconnectDrainActionRequest': entryId, actionKey, shiftId, fields 

    const outcome = await transport.submitAction({
      action: 'delete',
      url: `/calendars/${scheduleCalendarId}/shifts`,
      visibleWeekStart: '2026-04-21',
      formData: createScheduleFormData()
    });

/Users/serkanyeniay/dev/Caluno/apps/mobile/tests/mobile-notification-runtime.unit.test.ts:823:50
Error: Argument of type '{ action: "edit"; url: string; visibleWeekStart: string; formData: FormData; }' is not assignable to parameter of type 'ReconnectDrainActionRequest'.
  Type '{ action: "edit"; url: string; visibleWeekStart: string; formData: FormData; }' is missing the following properties from type 'ReconnectDrainActionRequest': entryId, actionKey, shiftId, fields 

    const outcome = await transport.submitAction({
      action: 'edit',
      url: `/calendars/${scheduleCalendarId}/shifts`,
      visibleWeekStart: '2026-04-21',
      formData: createScheduleFormData()
    });

/Users/serkanyeniay/dev/Caluno/apps/mobile/tests/mobile-notification-runtime.unit.test.ts:848:61
Error: Type '{ action: "delete"; url: string; visibleWeekStart: string; formData: FormData; }' is missing the following properties from type 'ReconnectDrainActionRequest': entryId, actionKey, shiftId, fields 

    const makeRequest = (): ReconnectDrainActionRequest => ({
      action: 'delete',
      url: `/calendars/${scheduleCalendarId}/shifts`,
      visibleWeekStart: '2026-04-21',
      formData: createScheduleFormData()
    });

/Users/serkanyeniay/dev/Caluno/apps/mobile/tests/e2e/mobile-assembly.spec.ts:270:51
Error: Type '"granted"' has no properties in common with type '{ local?: "denied" | "granted" | "prompt" | undefined; push?: "denied" | "granted" | "prompt" | undefined; }'. 
  await expect(page.getByTestId('groups-shell')).toHaveAttribute('data-shell-bootstrap', 'ready');
  await setSimulatedNotificationPermissions(page, 'granted');
  await setNotificationToggleValue(page, calendarId, true);

/Users/serkanyeniay/dev/Caluno/apps/mobile/tests/e2e/mobile-assembly.spec.ts:319:41
Error: Property 'calendarId' does not exist on type '{ id: number; extra: { calendarId: string; shiftId: string; targetPath: string | null; triggerAt: string; }; }'. 
  expect(sharedReminders.length).toBeGreaterThan(0);
  expect(sharedReminders.every((r) => r.calendarId === calendarId)).toBe(true);

====================================
svelte-check found 8 errors and 0 warnings in 4 files
 ELIFECYCLE  Command failed with exit code 1.
