9f5e452 test: Added final assembled mobile tracer-bullet spec (5 phases: sign-i…
fdc507a feat: Upgraded the Playwright notification harness with dispatch interc…
c6af809 test: Wired best-effort shared-change dispatch into all four mobile sch…
c6bab0d test: Added best-effort shared-change dispatch to all four trusted web…
2035d9c feat: Added the shared-change dispatch seam, Playwright notification ha…
50ac913 feat: Added a truthful per-calendar notification toggle UI and scope-sa…
3162337 feat: Added Capacitor-backed notification adapters and a deterministic…
27521b1 test: Added the mobile device-notification control plane with stable in…
e07a6d6 test: Added mobile Find time handoff E2E coverage and bundled it into t…
f4644e0 feat: Wired the mobile calendar Find time entrypoint, compact result ca…
c0fed57 STOPPED probably because of premium request limit reached
6a6c6fc gsd snapshot: uncommitted changes after 30m inactivity
97878bc gsd snapshot: uncommitted changes after 30m inactivity
2920d00 gsd snapshot: uncommitted changes after 30m inactivity
d05247a gsd snapshot: uncommitted changes after 49m inactivity
311c499 gsd snapshot: uncommitted changes after 90m inactivity
6f31b34 gsd snapshot: uncommitted changes after 47m inactivity
78a7598 gsd snapshot: uncommitted changes after 229m inactivity
66f651a test: Added the mobile find-time route, trusted Supabase transport, and…
a5f48ee test: Extracted shared find-time matcher/ranking and create-prefill con…
b1eddc3 fix: Fixed the mobile offline continuity proof harness to target real C…
2c66727 feat: Replaced the mobile calendar placeholder with a phone-first local…
0a9c557 test: Stabilized the mobile local-first sync runtime by fixing the trus…
7d51396 feat: Added Preferences-backed mobile continuity so trusted calendars c…
39a936e test: Extracted offline continuity and schedule helpers into @repo/calu…
