COMMIT 48c184102a83a9a7970893b179f07f60a3196a5b
SUBJECT chore: auto-commit after complete-milestone
NON_GSD_FILES
  apps/web/.svelte-kit/adapter-node/chunks/internal.js
  apps/web/.svelte-kit/adapter-node/manifest-full.js
  apps/web/.svelte-kit/adapter-node/manifest.js
  apps/web/.svelte-kit/adapter-node/nodes/1.js
  apps/web/.svelte-kit/adapter-node/nodes/2.js
  apps/web/.svelte-kit/adapter-node/nodes/4.js
  apps/web/.svelte-kit/generated/server/internal.js
  apps/web/.svelte-kit/output/client/.vite/manifest.json
  apps/web/.svelte-kit/output/client/_app/immutable/chunks/BVDj2TQX.js
  apps/web/.svelte-kit/output/client/_app/immutable/chunks/BgTCOfq0.js
  apps/web/.svelte-kit/output/client/_app/immutable/chunks/DK6ljXyO.js
  apps/web/.svelte-kit/output/client/_app/immutable/entry/app.B73YaSoC.js
  apps/web/.svelte-kit/output/client/_app/immutable/entry/start.BNCE8Q8n.js
  apps/web/.svelte-kit/output/client/_app/immutable/entry/start.BtfIRMLm.js
  apps/web/.svelte-kit/output/client/_app/immutable/nodes/1.DcVtgufy.js
  apps/web/.svelte-kit/output/client/_app/immutable/nodes/2.BnK_9FEH.js
  apps/web/.svelte-kit/output/client/_app/immutable/nodes/4.CTnsAeBx.js
  apps/web/.svelte-kit/output/client/_app/version.json
  apps/web/.svelte-kit/output/client/service-worker.js
  apps/web/.svelte-kit/output/server/chunks/internal.js
  apps/web/.svelte-kit/output/server/manifest-full.js
  apps/web/.svelte-kit/output/server/manifest.js
  apps/web/.svelte-kit/output/server/nodes/1.js
  apps/web/.svelte-kit/output/server/nodes/2.js
  apps/web/.svelte-kit/output/server/nodes/4.js
  apps/web/test-results/e2e/auth-groups-access-join-on-156de-loses-access-after-sign-out/trace.zip
  apps/web/test-results/e2e/auth-groups-access-join-on-156de-loses-access-after-sign-out/video.webm
  apps/web/test-results/e2e/calendar-shifts-touching-b-4889b-advisory-free-before-submit/error-context.md
  apps/web/test-results/e2e/calendar-shifts-touching-b-4889b-advisory-free-before-submit/test-failed-1.png
  apps/web/test-results/e2e/calendar-shifts-touching-b-4889b-advisory-free-before-submit/trace.zip
  apps/web/test-results/e2e/calendar-shifts-touching-b-4889b-advisory-free-before-submit/video.webm
  apps/web/test-results/e2e/find-time-permitted-member-a75b2-on-the-real-find-time-route/trace.zip
  apps/web/test-results/e2e/find-time-permitted-member-a75b2-on-the-real-find-time-route/video.webm
COMMIT 1c706d2392340e609086dc0e6041c8c71bf0f118
SUBJECT chore: auto-commit after complete-milestone
NON_GSD_FILES NONE
COMMIT fc1a728cd05724a3671dc81bda97e39b3c3aeb39
SUBJECT chore: auto-commit after complete-milestone
NON_GSD_FILES NONE
COMMIT 498a34f4badf60060797db8a462c7fa8799a39cc
SUBJECT chore: auto-commit after complete-milestone
NON_GSD_FILES NONE
COMMIT 92ad26e6949aa0cdd472e2ef586e1b5ccb06cd25
SUBJECT chore: auto-commit after complete-milestone
NON_GSD_FILES
  apps/web/.svelte-kit/adapter-node/chunks/internal.js
  apps/web/.svelte-kit/adapter-node/manifest-full.js
  apps/web/.svelte-kit/adapter-node/manifest.js
  apps/web/.svelte-kit/adapter-node/nodes/1.js
  apps/web/.svelte-kit/adapter-node/nodes/2.js
  apps/web/.svelte-kit/adapter-node/nodes/4.js
  apps/web/.svelte-kit/generated/server/internal.js
  apps/web/.svelte-kit/output/client/.vite/manifest.json
  apps/web/.svelte-kit/output/client/_app/immutable/chunks/BBdyOcuz.js
  apps/web/.svelte-kit/output/client/_app/immutable/chunks/BVDj2TQX.js
  apps/web/.svelte-kit/output/client/_app/immutable/chunks/qPliVElR.js
  apps/web/.svelte-kit/output/client/_app/immutable/entry/app.B459StKA.js
  apps/web/.svelte-kit/output/client/_app/immutable/entry/start.BNCE8Q8n.js
  apps/web/.svelte-kit/output/client/_app/immutable/entry/start.wgUE1Hwo.js
  apps/web/.svelte-kit/output/client/_app/immutable/nodes/1.RlATbF1x.js
  apps/web/.svelte-kit/output/client/_app/immutable/nodes/2.D97ulYRX.js
  apps/web/.svelte-kit/output/client/_app/immutable/nodes/4.BbdBROH2.js
  apps/web/.svelte-kit/output/client/_app/version.json
  apps/web/.svelte-kit/output/client/service-worker.js
  apps/web/.svelte-kit/output/server/chunks/internal.js
  apps/web/.svelte-kit/output/server/manifest-full.js
  apps/web/.svelte-kit/output/server/manifest.js
  apps/web/.svelte-kit/output/server/nodes/1.js
  apps/web/.svelte-kit/output/server/nodes/2.js
  apps/web/.svelte-kit/output/server/nodes/4.js
  apps/web/test-results/e2e/.last-run.json
  apps/web/test-results/e2e/auth-groups-access-join-on-156de-loses-access-after-sign-out/trace.zip
  apps/web/test-results/e2e/auth-groups-access-join-on-156de-loses-access-after-sign-out/video.webm
  apps/web/test-results/e2e/calendar-shifts-touching-b-4889b-advisory-free-before-submit/error-context.md
  apps/web/test-results/e2e/calendar-shifts-touching-b-4889b-advisory-free-before-submit/test-failed-1.png
  apps/web/test-results/e2e/calendar-shifts-touching-b-4889b-advisory-free-before-submit/trace.zip
  apps/web/test-results/e2e/calendar-shifts-touching-b-4889b-advisory-free-before-submit/video.webm
  apps/web/test-results/e2e/find-time-permitted-member-a75b2-on-the-real-find-time-route/error-context.md
  apps/web/test-results/e2e/find-time-permitted-member-a75b2-on-the-real-find-time-route/test-failed-1.png
  apps/web/test-results/e2e/find-time-permitted-member-a75b2-on-the-real-find-time-route/trace.zip
  apps/web/test-results/e2e/find-time-permitted-member-a75b2-on-the-real-find-time-route/video.webm
COMMIT a75303dc671df6606b92e769aea2c03806b44b56
SUBJECT chore: auto-commit after complete-milestone
NON_GSD_FILES NONE
COMMIT 7d1839e934988762ab2aef839e9dbb6978d2b927
SUBJECT chore: auto-commit after complete-milestone
NON_GSD_FILES NONE
COMMIT 57c45c51722e96f4ef1cc5bba7cc86f8fe7f8cfc
SUBJECT chore: auto-commit after complete-milestone
NON_GSD_FILES
  apps/web/.svelte-kit/adapter-node/chunks/internal.js
  apps/web/.svelte-kit/adapter-node/manifest-full.js
  apps/web/.svelte-kit/adapter-node/manifest.js
  apps/web/.svelte-kit/adapter-node/nodes/1.js
  apps/web/.svelte-kit/adapter-node/nodes/2.js
  apps/web/.svelte-kit/adapter-node/nodes/4.js
  apps/web/.svelte-kit/generated/server/internal.js
  apps/web/.svelte-kit/output/client/.vite/manifest.json
  apps/web/.svelte-kit/output/client/_app/immutable/chunks/B4i0ErFP.js
  apps/web/.svelte-kit/output/client/_app/immutable/chunks/BBdyOcuz.js
  apps/web/.svelte-kit/output/client/_app/immutable/chunks/z9pNOk3L.js
  apps/web/.svelte-kit/output/client/_app/immutable/entry/app.DY3leK_i.js
  apps/web/.svelte-kit/output/client/_app/immutable/entry/start.rU8B6HqG.js
  apps/web/.svelte-kit/output/client/_app/immutable/entry/start.wgUE1Hwo.js
  apps/web/.svelte-kit/output/client/_app/immutable/nodes/1.CGDyJ15x.js
  apps/web/.svelte-kit/output/client/_app/immutable/nodes/2.D1cUj6mA.js
  apps/web/.svelte-kit/output/client/_app/immutable/nodes/4.ncmTb0xm.js
  apps/web/.svelte-kit/output/client/_app/version.json
  apps/web/.svelte-kit/output/client/service-worker.js
  apps/web/.svelte-kit/output/server/chunks/internal.js
  apps/web/.svelte-kit/output/server/manifest-full.js
  apps/web/.svelte-kit/output/server/manifest.js
  apps/web/.svelte-kit/output/server/nodes/1.js
  apps/web/.svelte-kit/output/server/nodes/2.js
  apps/web/.svelte-kit/output/server/nodes/4.js
  apps/web/test-results/e2e/auth-groups-access-join-on-156de-loses-access-after-sign-out/trace.zip
  apps/web/test-results/e2e/auth-groups-access-join-on-156de-loses-access-after-sign-out/video.webm
  apps/web/test-results/e2e/find-time-permitted-member-a75b2-on-the-real-find-time-route/error-context.md
  apps/web/test-results/e2e/find-time-permitted-member-a75b2-on-the-real-find-time-route/test-failed-1.png
  apps/web/test-results/e2e/find-time-permitted-member-a75b2-on-the-real-find-time-route/trace.zip
  apps/web/test-results/e2e/find-time-permitted-member-a75b2-on-the-real-find-time-route/video.webm
COMMIT b444252f1e58823498f4231bab61cfbd5fd13d00
SUBJECT chore: auto-commit after complete-milestone
NON_GSD_FILES
  apps/web/.svelte-kit/adapter-node/chunks/internal.js
  apps/web/.svelte-kit/adapter-node/manifest-full.js
  apps/web/.svelte-kit/adapter-node/manifest.js
  apps/web/.svelte-kit/adapter-node/nodes/1.js
  apps/web/.svelte-kit/adapter-node/nodes/2.js
  apps/web/.svelte-kit/adapter-node/nodes/4.js
  apps/web/.svelte-kit/generated/server/internal.js
  apps/web/.svelte-kit/output/client/.vite/manifest.json
  apps/web/.svelte-kit/output/client/_app/immutable/chunks/D0CJOdhh.js
  apps/web/.svelte-kit/output/client/_app/immutable/chunks/z9pNOk3L.js
  apps/web/.svelte-kit/output/client/_app/immutable/entry/app.B-N_x0iD.js
  apps/web/.svelte-kit/output/client/_app/immutable/entry/start.DL2rCSsA.js
  apps/web/.svelte-kit/output/client/_app/immutable/entry/start.rU8B6HqG.js
  apps/web/.svelte-kit/output/client/_app/immutable/nodes/1.CgL0-HtO.js
  apps/web/.svelte-kit/output/client/_app/immutable/nodes/2.uPOpo_6z.js
  apps/web/.svelte-kit/output/client/_app/immutable/nodes/4.CrKBFJ67.js
  apps/web/.svelte-kit/output/client/_app/version.json
  apps/web/.svelte-kit/output/client/service-worker.js
  apps/web/.svelte-kit/output/server/chunks/internal.js
  apps/web/.svelte-kit/output/server/manifest-full.js
  apps/web/.svelte-kit/output/server/manifest.js
  apps/web/.svelte-kit/output/server/nodes/1.js
  apps/web/.svelte-kit/output/server/nodes/2.js
  apps/web/.svelte-kit/output/server/nodes/4.js
  apps/web/test-results/e2e/.last-run.json
  apps/web/test-results/e2e/auth-groups-access-join-on-156de-loses-access-after-sign-out/trace.zip
  apps/web/test-results/e2e/auth-groups-access-join-on-156de-loses-access-after-sign-out/video.webm
  apps/web/test-results/e2e/calendar-shifts-touching-b-4889b-advisory-free-before-submit/error-context.md
  apps/web/test-results/e2e/calendar-shifts-touching-b-4889b-advisory-free-before-submit/test-failed-1.png
  apps/web/test-results/e2e/calendar-shifts-touching-b-4889b-advisory-free-before-submit/trace.zip
  apps/web/test-results/e2e/calendar-shifts-touching-b-4889b-advisory-free-before-submit/video.webm
  apps/web/test-results/e2e/find-time-permitted-member-a75b2-on-the-real-find-time-route/error-context.md
  apps/web/test-results/e2e/find-time-permitted-member-a75b2-on-the-real-find-time-route/test-failed-1.png
  apps/web/test-results/e2e/find-time-permitted-member-a75b2-on-the-real-find-time-route/trace.zip
  apps/web/test-results/e2e/find-time-permitted-member-a75b2-on-the-real-find-time-route/video.webm
COMMIT 912bab4b245c81923acaf27a040724e5b6c21e9f
SUBJECT chore: auto-commit after complete-milestone
NON_GSD_FILES NONE
COMMIT ba22479f079616a772fe3e4c30592ef01b063e7d
SUBJECT chore: auto-commit after complete-milestone
NON_GSD_FILES NONE
COMMIT 621805bf028fd02c9c836e99776812a20e0ebcd3
SUBJECT chore: auto-commit after complete-milestone
NON_GSD_FILES NONE
COMMIT 184dddff32b2adb875885a0a187bd53b1613ac8e
SUBJECT chore: auto-commit after complete-milestone
NON_GSD_FILES
  apps/web/.svelte-kit/adapter-node/chunks/internal.js
  apps/web/.svelte-kit/adapter-node/manifest-full.js
  apps/web/.svelte-kit/adapter-node/manifest.js
  apps/web/.svelte-kit/adapter-node/nodes/1.js
  apps/web/.svelte-kit/adapter-node/nodes/2.js
  apps/web/.svelte-kit/adapter-node/nodes/4.js
  apps/web/.svelte-kit/generated/server/internal.js
  apps/web/.svelte-kit/output/client/.vite/manifest.json
  apps/web/.svelte-kit/output/client/_app/immutable/chunks/F-F5dxOO.js
  apps/web/.svelte-kit/output/client/_app/immutable/chunks/USB6Sa6k.js
  apps/web/.svelte-kit/output/client/_app/immutable/entry/app.CTgaAAuk.js
  apps/web/.svelte-kit/output/client/_app/immutable/entry/start.DL2rCSsA.js
  apps/web/.svelte-kit/output/client/_app/immutable/entry/start.DeodjcVP.js
  apps/web/.svelte-kit/output/client/_app/immutable/nodes/1.CWNZE170.js
  apps/web/.svelte-kit/output/client/_app/immutable/nodes/2._-Oi_Y3I.js
  apps/web/.svelte-kit/output/client/_app/immutable/nodes/4.C64NxCVS.js
  apps/web/.svelte-kit/output/client/_app/version.json
  apps/web/.svelte-kit/output/client/service-worker.js
  apps/web/.svelte-kit/output/server/chunks/internal.js
  apps/web/.svelte-kit/output/server/manifest-full.js
  apps/web/.svelte-kit/output/server/manifest.js
  apps/web/.svelte-kit/output/server/nodes/1.js
  apps/web/.svelte-kit/output/server/nodes/2.js
  apps/web/.svelte-kit/output/server/nodes/4.js
  apps/web/test-results/e2e/auth-groups-access-join-on-156de-loses-access-after-sign-out/trace.zip
  apps/web/test-results/e2e/auth-groups-access-join-on-156de-loses-access-after-sign-out/video.webm
  apps/web/test-results/e2e/calendar-shifts-touching-b-4889b-advisory-free-before-submit/error-context.md
  apps/web/test-results/e2e/calendar-shifts-touching-b-4889b-advisory-free-before-submit/test-failed-1.png
  apps/web/test-results/e2e/calendar-shifts-touching-b-4889b-advisory-free-before-submit/trace.zip
  apps/web/test-results/e2e/calendar-shifts-touching-b-4889b-advisory-free-before-submit/video.webm
  apps/web/test-results/e2e/find-time-permitted-member-a75b2-on-the-real-find-time-route/trace.zip
  apps/web/test-results/e2e/find-time-permitted-member-a75b2-on-the-real-find-time-route/video.webm
COMMIT 751be9d530641716e86c6add976eae7af5d72009
SUBJECT chore: auto-commit after complete-milestone
NON_GSD_FILES
  apps/mobile/.svelte-kit/generated/server/internal.js
  apps/mobile/.svelte-kit/output/client/.vite/manifest.json
  apps/mobile/.svelte-kit/output/client/_app/immutable/chunks/C2wngiQE.js
  apps/mobile/.svelte-kit/output/client/_app/immutable/chunks/C3jaeQPD.js
  apps/mobile/.svelte-kit/output/client/_app/immutable/chunks/CBZ3GrJJ.js
  apps/mobile/.svelte-kit/output/client/_app/immutable/chunks/CRtSfmrt.js
  apps/mobile/.svelte-kit/output/client/_app/immutable/chunks/CgsTnqHK.js
  apps/mobile/.svelte-kit/output/client/_app/immutable/chunks/ClipjW2n.js
  apps/mobile/.svelte-kit/output/client/_app/immutable/chunks/D-fMfXGn.js
  apps/mobile/.svelte-kit/output/client/_app/immutable/chunks/DCt7DJ8L.js
  apps/mobile/.svelte-kit/output/client/_app/immutable/chunks/DggwV-wv.js
  apps/mobile/.svelte-kit/output/client/_app/immutable/chunks/aVwiAmXc.js
  apps/mobile/.svelte-kit/output/client/_app/immutable/chunks/iYVqjQ0G.js
  apps/mobile/.svelte-kit/output/client/_app/immutable/chunks/zSvjejRS.js
  apps/mobile/.svelte-kit/output/client/_app/immutable/entry/app.xXK3x-uG.js
  apps/mobile/.svelte-kit/output/client/_app/immutable/entry/start.CdUqSfEz.js
  apps/mobile/.svelte-kit/output/client/_app/immutable/entry/start.w5CUPoFa.js
  apps/mobile/.svelte-kit/output/client/_app/immutable/nodes/0.Bq9oVSaR.js
  apps/mobile/.svelte-kit/output/client/_app/immutable/nodes/1.BIchlYps.js
  apps/mobile/.svelte-kit/output/client/_app/immutable/nodes/2.CI2GsHZH.js
  apps/mobile/.svelte-kit/output/client/_app/immutable/nodes/3.PJJYKk9X.js
  apps/mobile/.svelte-kit/output/client/_app/immutable/nodes/4.CuAvRTFc.js
  apps/mobile/.svelte-kit/output/client/_app/immutable/nodes/5.mdDB00Y3.js
  apps/mobile/.svelte-kit/output/client/_app/immutable/nodes/6.CdzqvtJ3.js
  apps/mobile/.svelte-kit/output/client/_app/version.json
  apps/mobile/.svelte-kit/output/server/chunks/internal.js
  apps/mobile/.svelte-kit/output/server/manifest-full.js
  apps/mobile/.svelte-kit/output/server/manifest.js
  apps/mobile/.svelte-kit/output/server/nodes/0.js
  apps/mobile/.svelte-kit/output/server/nodes/1.js
  apps/mobile/.svelte-kit/output/server/nodes/2.js
  apps/mobile/.svelte-kit/output/server/nodes/3.js
  apps/mobile/.svelte-kit/output/server/nodes/4.js
  apps/mobile/.svelte-kit/output/server/nodes/5.js
  apps/mobile/.svelte-kit/output/server/nodes/6.js
  apps/web/.svelte-kit/adapter-node/chunks/internal.js
  apps/web/.svelte-kit/adapter-node/manifest-full.js
  apps/web/.svelte-kit/adapter-node/manifest.js
  apps/web/.svelte-kit/adapter-node/nodes/1.js
  apps/web/.svelte-kit/adapter-node/nodes/2.js
  apps/web/.svelte-kit/adapter-node/nodes/4.js
  apps/web/.svelte-kit/ambient.d.ts
  apps/web/.svelte-kit/generated/server/internal.js
  apps/web/.svelte-kit/output/client/.vite/manifest.json
  apps/web/.svelte-kit/output/client/_app/immutable/chunks/BC9ixmom.js
  apps/web/.svelte-kit/output/client/_app/immutable/chunks/BlIAoSI7.js
  apps/web/.svelte-kit/output/client/_app/immutable/chunks/WW5tZmUI.js
  apps/web/.svelte-kit/output/client/_app/immutable/entry/app.BF0US2Yv.js
  apps/web/.svelte-kit/output/client/_app/immutable/entry/start.DeodjcVP.js
  apps/web/.svelte-kit/output/client/_app/immutable/entry/start.Xjw4KZ9s.js
  apps/web/.svelte-kit/output/client/_app/immutable/nodes/1.DlvfL-P7.js
  apps/web/.svelte-kit/output/client/_app/immutable/nodes/2.DJBNf9QA.js
  apps/web/.svelte-kit/output/client/_app/immutable/nodes/4.DVKLrpsf.js
  apps/web/.svelte-kit/output/client/_app/version.json
  apps/web/.svelte-kit/output/client/service-worker.js
  apps/web/.svelte-kit/output/server/chunks/internal.js
  apps/web/.svelte-kit/output/server/manifest-full.js
  apps/web/.svelte-kit/output/server/manifest.js
  apps/web/.svelte-kit/output/server/nodes/1.js
  apps/web/.svelte-kit/output/server/nodes/2.js
  apps/web/.svelte-kit/output/server/nodes/4.js
  apps/web/test-results/e2e/.last-run.json
  apps/web/test-results/e2e/auth-groups-access-join-on-156de-loses-access-after-sign-out/error-context.md
  apps/web/test-results/e2e/auth-groups-access-join-on-156de-loses-access-after-sign-out/test-failed-1.png
  apps/web/test-results/e2e/auth-groups-access-join-on-156de-loses-access-after-sign-out/trace.zip
  apps/web/test-results/e2e/auth-groups-access-join-on-156de-loses-access-after-sign-out/video.webm
  apps/web/test-results/e2e/calendar-shifts-touching-b-4889b-advisory-free-before-submit/error-context.md
  apps/web/test-results/e2e/calendar-shifts-touching-b-4889b-advisory-free-before-submit/test-failed-1.png
  apps/web/test-results/e2e/calendar-shifts-touching-b-4889b-advisory-free-before-submit/trace.zip
  apps/web/test-results/e2e/calendar-shifts-touching-b-4889b-advisory-free-before-submit/video.webm
  apps/web/test-results/e2e/find-time-permitted-member-a75b2-on-the-real-find-time-route/error-context.md
  apps/web/test-results/e2e/find-time-permitted-member-a75b2-on-the-real-find-time-route/test-failed-1.png
  apps/web/test-results/e2e/find-time-permitted-member-a75b2-on-the-real-find-time-route/trace.zip
  apps/web/test-results/e2e/find-time-permitted-member-a75b2-on-the-real-find-time-route/video.webm
COMMIT c1efcac439106170285607acbd05d2eb47c75597
SUBJECT feat: Marked R011 validated from fresh S06 predictive/browser/build evi…
NON_GSD_FILES
  apps/mobile/.svelte-kit/ambient.d.ts
  apps/mobile/.svelte-kit/generated/server/internal.js
  apps/mobile/.svelte-kit/output/client/.vite/manifest.json
  apps/mobile/.svelte-kit/output/client/_app/immutable/chunks/BwBoA2p-.js
  apps/mobile/.svelte-kit/output/client/_app/immutable/chunks/C3jaeQPD.js
  apps/mobile/.svelte-kit/output/client/_app/immutable/chunks/CBM4mgl0.js
  apps/mobile/.svelte-kit/output/client/_app/immutable/chunks/CQzsS4ST.js
  apps/mobile/.svelte-kit/output/client/_app/immutable/chunks/Cdb3Jq3d.js
  apps/mobile/.svelte-kit/output/client/_app/immutable/chunks/CnLv0cUZ.js
  apps/mobile/.svelte-kit/output/client/_app/immutable/chunks/DIOnLjF-.js
  apps/mobile/.svelte-kit/output/client/_app/immutable/chunks/DLvnSxBc.js
  apps/mobile/.svelte-kit/output/client/_app/immutable/chunks/DtJzszPE.js
  apps/mobile/.svelte-kit/output/client/_app/immutable/chunks/P_iUwMq6.js
  apps/mobile/.svelte-kit/output/client/_app/immutable/chunks/ZMV1yJoX.js
  apps/mobile/.svelte-kit/output/client/_app/immutable/entry/app.CQbXogar.js
  apps/mobile/.svelte-kit/output/client/_app/immutable/entry/start.CdUqSfEz.js
  apps/mobile/.svelte-kit/output/client/_app/immutable/entry/start.DTkxUAav.js
  apps/mobile/.svelte-kit/output/client/_app/immutable/nodes/0.Bee2VGvh.js
  apps/mobile/.svelte-kit/output/client/_app/immutable/nodes/1.Dk5KnKiX.js
  apps/mobile/.svelte-kit/output/client/_app/immutable/nodes/2.96VQ3civ.js
  apps/mobile/.svelte-kit/output/client/_app/immutable/nodes/3.V23U9zQT.js
  apps/mobile/.svelte-kit/output/client/_app/immutable/nodes/4.BWdQ84S_.js
  apps/mobile/.svelte-kit/output/client/_app/immutable/nodes/5.Cz7DSVcT.js
  apps/mobile/.svelte-kit/output/client/_app/immutable/nodes/6.CVf3TTdd.js
  apps/mobile/.svelte-kit/output/client/_app/version.json
  apps/mobile/.svelte-kit/output/server/chunks/internal.js
  apps/mobile/.svelte-kit/output/server/manifest-full.js
  apps/mobile/.svelte-kit/output/server/manifest.js
  apps/mobile/.svelte-kit/output/server/nodes/0.js
  apps/mobile/.svelte-kit/output/server/nodes/1.js
  apps/mobile/.svelte-kit/output/server/nodes/2.js
  apps/mobile/.svelte-kit/output/server/nodes/3.js
  apps/mobile/.svelte-kit/output/server/nodes/4.js
  apps/mobile/.svelte-kit/output/server/nodes/5.js
  apps/mobile/.svelte-kit/output/server/nodes/6.js
  apps/web/.svelte-kit/adapter-node/chunks/internal.js
  apps/web/.svelte-kit/adapter-node/manifest-full.js
  apps/web/.svelte-kit/adapter-node/manifest.js
  apps/web/.svelte-kit/adapter-node/nodes/1.js
  apps/web/.svelte-kit/adapter-node/nodes/2.js
  apps/web/.svelte-kit/adapter-node/nodes/4.js
  apps/web/.svelte-kit/ambient.d.ts
  apps/web/.svelte-kit/generated/server/internal.js
  apps/web/.svelte-kit/output/client/.vite/manifest.json
  apps/web/.svelte-kit/output/client/_app/immutable/chunks/BcHGQQwv.js
  apps/web/.svelte-kit/output/client/_app/immutable/chunks/BlIAoSI7.js
  apps/web/.svelte-kit/output/client/_app/immutable/chunks/CwNT8IMb.js
  apps/web/.svelte-kit/output/client/_app/immutable/entry/app.BAMcjhBl.js
  apps/web/.svelte-kit/output/client/_app/immutable/entry/start.BW5lAAR0.js
  apps/web/.svelte-kit/output/client/_app/immutable/entry/start.Xjw4KZ9s.js
  apps/web/.svelte-kit/output/client/_app/immutable/nodes/1.hc1H9-5k.js
  apps/web/.svelte-kit/output/client/_app/immutable/nodes/2.EgK0tvae.js
  apps/web/.svelte-kit/output/client/_app/immutable/nodes/4.NJJ-9ek7.js
  apps/web/.svelte-kit/output/client/_app/version.json
  apps/web/.svelte-kit/output/client/service-worker.js
  apps/web/.svelte-kit/output/server/chunks/internal.js
  apps/web/.svelte-kit/output/server/manifest-full.js
  apps/web/.svelte-kit/output/server/manifest.js
  apps/web/.svelte-kit/output/server/nodes/1.js
  apps/web/.svelte-kit/output/server/nodes/2.js
  apps/web/.svelte-kit/output/server/nodes/4.js
COMMIT 6c8abf18aa1bce0a296ce182d8a17730092c3677
SUBJECT feat: Re-ran the mobile predictive smoke from a fresh local Supabase re…
NON_GSD_FILES
  apps/mobile/.svelte-kit/ambient.d.ts
  apps/mobile/.svelte-kit/generated/server/internal.js
  apps/mobile/.svelte-kit/output/client/.vite/manifest.json
  apps/mobile/.svelte-kit/output/client/_app/immutable/assets/3.2cctJfKW.css
  apps/mobile/.svelte-kit/output/client/_app/immutable/assets/3.BBom593b.css
  apps/mobile/.svelte-kit/output/client/_app/immutable/chunks/A6cbcEcB.js
  apps/mobile/.svelte-kit/output/client/_app/immutable/chunks/B8U8lUsc.js
  apps/mobile/.svelte-kit/output/client/_app/immutable/chunks/BZasoIi_.js
  apps/mobile/.svelte-kit/output/client/_app/immutable/chunks/C0Rw5ZRo.js
  apps/mobile/.svelte-kit/output/client/_app/immutable/chunks/CDPenH6r.js
  apps/mobile/.svelte-kit/output/client/_app/immutable/chunks/CwH9MxMB.js
  apps/mobile/.svelte-kit/output/client/_app/immutable/chunks/D5Uw-8Tm.js
  apps/mobile/.svelte-kit/output/client/_app/immutable/chunks/DJZMxGnx.js
  apps/mobile/.svelte-kit/output/client/_app/immutable/chunks/DRKz6BHh.js
  apps/mobile/.svelte-kit/output/client/_app/immutable/chunks/Dc_qcLHr.js
  apps/mobile/.svelte-kit/output/client/_app/immutable/chunks/DhLoL4Ss.js
  apps/mobile/.svelte-kit/output/client/_app/immutable/chunks/ZohZBtAE.js
  apps/mobile/.svelte-kit/output/client/_app/immutable/chunks/pYZvFYkO.js
  apps/mobile/.svelte-kit/output/client/_app/immutable/chunks/q8iQJlaz.js
  apps/mobile/.svelte-kit/output/client/_app/immutable/entry/app.wS_FjZUf.js
  apps/mobile/.svelte-kit/output/client/_app/immutable/entry/start.DHAP3SHc.js
  apps/mobile/.svelte-kit/output/client/_app/immutable/entry/start.DTkxUAav.js
  apps/mobile/.svelte-kit/output/client/_app/immutable/nodes/0.D5vP8po1.js
  apps/mobile/.svelte-kit/output/client/_app/immutable/nodes/1.ezbJ9OmE.js
  apps/mobile/.svelte-kit/output/client/_app/immutable/nodes/2.Dxmml6k-.js
  apps/mobile/.svelte-kit/output/client/_app/immutable/nodes/3.B19kwawS.js
  apps/mobile/.svelte-kit/output/client/_app/immutable/nodes/3.B3DC9xk6.js
  apps/mobile/.svelte-kit/output/client/_app/immutable/nodes/4.Bzov4rK1.js
  apps/mobile/.svelte-kit/output/client/_app/immutable/nodes/4.SNszQ2yf.js
  apps/mobile/.svelte-kit/output/client/_app/immutable/nodes/5.Dpy6tlF-.js
  apps/mobile/.svelte-kit/output/client/_app/immutable/nodes/6.CUKCdAsl.js
  apps/mobile/.svelte-kit/output/client/_app/version.json
  apps/mobile/.svelte-kit/output/server/chunks/internal.js
  apps/mobile/.svelte-kit/output/server/entries/pages/calendars/_calendarId_/_page.svelte.js
  apps/mobile/.svelte-kit/output/server/manifest-full.js
  apps/mobile/.svelte-kit/output/server/manifest.js
  apps/mobile/.svelte-kit/output/server/nodes/0.js
  apps/mobile/.svelte-kit/output/server/nodes/1.js
  apps/mobile/.svelte-kit/output/server/nodes/2.js
  apps/mobile/.svelte-kit/output/server/nodes/3.js
  apps/mobile/.svelte-kit/output/server/nodes/4.js
  apps/mobile/.svelte-kit/output/server/nodes/5.js
  apps/mobile/.svelte-kit/output/server/nodes/6.js
  apps/web/.svelte-kit/adapter-node/.vite/manifest.json
  apps/web/.svelte-kit/adapter-node/_app/immutable/assets/_layout.DC0RInou.css
  apps/web/.svelte-kit/adapter-node/_app/immutable/assets/_page.wV_2nAVL.css
  apps/web/.svelte-kit/adapter-node/chunks/access.js
  apps/web/.svelte-kit/adapter-node/chunks/board.js
  apps/web/.svelte-kit/adapter-node/chunks/create-prefill.js
  apps/web/.svelte-kit/adapter-node/chunks/internal.js
  apps/web/.svelte-kit/adapter-node/chunks/recurrence.js
  apps/web/.svelte-kit/adapter-node/chunks/route-contract.js
  apps/web/.svelte-kit/adapter-node/entries/hooks.server.js
  apps/web/.svelte-kit/adapter-node/entries/pages/(app)/_layout.ts.js
  apps/web/.svelte-kit/adapter-node/entries/pages/(app)/calendars/_calendarId_/_page.server.ts.js
  apps/web/.svelte-kit/adapter-node/entries/pages/(app)/calendars/_calendarId_/_page.svelte.js
  apps/web/.svelte-kit/adapter-node/entries/pages/(app)/calendars/_calendarId_/_page.ts.js
  apps/web/.svelte-kit/adapter-node/entries/pages/(app)/calendars/_calendarId_/find-time/_page.server.ts.js
  apps/web/.svelte-kit/adapter-node/entries/pages/(app)/calendars/_calendarId_/find-time/_page.svelte.js
  apps/web/.svelte-kit/adapter-node/entries/pages/(app)/calendars/_calendarId_/find-time/_page.ts.js
  apps/web/.svelte-kit/adapter-node/entries/pages/(app)/groups/_page.server.ts.js
  apps/web/.svelte-kit/adapter-node/manifest-full.js
  apps/web/.svelte-kit/adapter-node/manifest.js
  apps/web/.svelte-kit/adapter-node/nodes/0.js
  apps/web/.svelte-kit/adapter-node/nodes/1.js
  apps/web/.svelte-kit/adapter-node/nodes/2.js
  apps/web/.svelte-kit/adapter-node/nodes/3.js
  apps/web/.svelte-kit/adapter-node/nodes/4.js
  apps/web/.svelte-kit/adapter-node/nodes/5.js
  apps/web/.svelte-kit/adapter-node/nodes/6.js
  apps/web/.svelte-kit/adapter-node/nodes/7.js
  apps/web/.svelte-kit/ambient.d.ts
  apps/web/.svelte-kit/generated/client-optimized/app.js
  apps/web/.svelte-kit/generated/client-optimized/nodes/5.js
  apps/web/.svelte-kit/generated/client-optimized/nodes/6.js
  apps/web/.svelte-kit/generated/client-optimized/nodes/7.js
  apps/web/.svelte-kit/generated/server/internal.js
  apps/web/.svelte-kit/output/client/.vite/manifest.json
  apps/web/.svelte-kit/output/client/_app/immutable/assets/0.DC0RInou.css
  apps/web/.svelte-kit/output/client/_app/immutable/assets/5.wV_2nAVL.css
  apps/web/.svelte-kit/output/client/_app/immutable/chunks/BIyNKtvS.js
  apps/web/.svelte-kit/output/client/_app/immutable/chunks/BNQEOYEk.js
  apps/web/.svelte-kit/output/client/_app/immutable/chunks/BT5sq5Lg.js
  apps/web/.svelte-kit/output/client/_app/immutable/chunks/BWcPjAJn.js
  apps/web/.svelte-kit/output/client/_app/immutable/chunks/Bgn2yaYW.js
  apps/web/.svelte-kit/output/client/_app/immutable/chunks/C-ffgH8v.js
  apps/web/.svelte-kit/output/client/_app/immutable/chunks/C0IRkBfy.js
  apps/web/.svelte-kit/output/client/_app/immutable/chunks/CZ5TP99Q.js
  apps/web/.svelte-kit/output/client/_app/immutable/chunks/C_476Q2x.js
  apps/web/.svelte-kit/output/client/_app/immutable/chunks/Cg5Gs5n7.js
  apps/web/.svelte-kit/output/client/_app/immutable/chunks/CinHc9Pg.js
  apps/web/.svelte-kit/output/client/_app/immutable/chunks/Cnou3hnx.js
  apps/web/.svelte-kit/output/client/_app/immutable/chunks/CwNT8IMb.js
  apps/web/.svelte-kit/output/client/_app/immutable/chunks/D58iBqSA.js
  apps/web/.svelte-kit/output/client/_app/immutable/chunks/D5EpjGQt.js
  apps/web/.svelte-kit/output/client/_app/immutable/chunks/DOMc5UJB.js
  apps/web/.svelte-kit/output/client/_app/immutable/chunks/XccW2AWw.js
  apps/web/.svelte-kit/output/client/_app/immutable/chunks/Z3FZk6iU.js
  apps/web/.svelte-kit/output/client/_app/immutable/chunks/bY-7bDrD.js
  apps/web/.svelte-kit/output/client/_app/immutable/chunks/vOItGLpa.js
  apps/web/.svelte-kit/output/client/_app/immutable/entry/app.B8M7aJ8x.js
  apps/web/.svelte-kit/output/client/_app/immutable/entry/app.CzDoDn9w.js
  apps/web/.svelte-kit/output/client/_app/immutable/entry/start.BTFRMBBV.js
  apps/web/.svelte-kit/output/client/_app/immutable/entry/start.BW5lAAR0.js
  apps/web/.svelte-kit/output/client/_app/immutable/nodes/0.wwDtjeDr.js
  apps/web/.svelte-kit/output/client/_app/immutable/nodes/1.g4VeS-vR.js
  apps/web/.svelte-kit/output/client/_app/immutable/nodes/2.D_bfnQIZ.js
  apps/web/.svelte-kit/output/client/_app/immutable/nodes/3.CT-hjByW.js
  apps/web/.svelte-kit/output/client/_app/immutable/nodes/4.CPsmWsw8.js
  apps/web/.svelte-kit/output/client/_app/immutable/nodes/4.LoRQXaQA.js
  apps/web/.svelte-kit/output/client/_app/immutable/nodes/5.8DDdL3Jz.js
  apps/web/.svelte-kit/output/client/_app/immutable/nodes/6.BKXhBF4H.js
  apps/web/.svelte-kit/output/client/_app/immutable/nodes/7.BuQgnRyP.js
  apps/web/.svelte-kit/output/client/_app/version.json
  apps/web/.svelte-kit/output/client/service-worker.js
  apps/web/.svelte-kit/output/server/.vite/manifest.json
  apps/web/.svelte-kit/output/server/_app/immutable/assets/_layout.DC0RInou.css
  apps/web/.svelte-kit/output/server/_app/immutable/assets/_page.wV_2nAVL.css
  apps/web/.svelte-kit/output/server/chunks/access.js
  apps/web/.svelte-kit/output/server/chunks/board.js
  apps/web/.svelte-kit/output/server/chunks/create-prefill.js
  apps/web/.svelte-kit/output/server/chunks/internal.js
  apps/web/.svelte-kit/output/server/chunks/recurrence.js
  apps/web/.svelte-kit/output/server/chunks/route-contract.js
  apps/web/.svelte-kit/output/server/entries/hooks.server.js
  apps/web/.svelte-kit/output/server/entries/pages/(app)/_layout.ts.js
  apps/web/.svelte-kit/output/server/entries/pages/(app)/calendars/_calendarId_/_page.server.ts.js
  apps/web/.svelte-kit/output/server/entries/pages/(app)/calendars/_calendarId_/_page.svelte.js
  apps/web/.svelte-kit/output/server/entries/pages/(app)/calendars/_calendarId_/_page.ts.js
  apps/web/.svelte-kit/output/server/entries/pages/(app)/calendars/_calendarId_/find-time/_page.server.ts.js
  apps/web/.svelte-kit/output/server/entries/pages/(app)/calendars/_calendarId_/find-time/_page.svelte.js
  apps/web/.svelte-kit/output/server/entries/pages/(app)/calendars/_calendarId_/find-time/_page.ts.js
  apps/web/.svelte-kit/output/server/entries/pages/(app)/groups/_page.server.ts.js
  apps/web/.svelte-kit/output/server/manifest-full.js
  apps/web/.svelte-kit/output/server/manifest.js
  apps/web/.svelte-kit/output/server/nodes/0.js
  apps/web/.svelte-kit/output/server/nodes/1.js
  apps/web/.svelte-kit/output/server/nodes/2.js
  apps/web/.svelte-kit/output/server/nodes/3.js
  apps/web/.svelte-kit/output/server/nodes/4.js
  apps/web/.svelte-kit/output/server/nodes/5.js
  apps/web/.svelte-kit/output/server/nodes/6.js
  apps/web/.svelte-kit/output/server/nodes/7.js
COMMIT 953da6aab33180e5bf9b4d157f4023657879a16d
SUBJECT feat: Confirmed the mobile shift sheet already threads visible-week shi…
NON_GSD_FILES
  "apps/mobile/test-results/e2e/mobile-assembly-phase-4-\342\200\224--264e1-ds-in-the-permitted-context/error-context.md"
  "apps/mobile/test-results/e2e/mobile-assembly-phase-4-\342\200\224--264e1-ds-in-the-permitted-context/test-failed-1.png"
  "apps/mobile/test-results/e2e/mobile-assembly-phase-4-\342\200\224--264e1-ds-in-the-permitted-context/trace.zip"
  "apps/mobile/test-results/e2e/mobile-assembly-phase-4-\342\200\224--264e1-ds-in-the-permitted-context/video.webm"
  apps/mobile/.svelte-kit/ambient.d.ts
  apps/mobile/.svelte-kit/generated/server/internal.js
  apps/mobile/test-results/e2e/.last-run.json
  apps/mobile/test-results/e2e/find-time-handoff-permitte-ca7b0-nd-reload-without-reopening/error-context.md
  apps/mobile/test-results/e2e/find-time-handoff-permitte-ca7b0-nd-reload-without-reopening/test-failed-1.png
  apps/mobile/test-results/e2e/find-time-handoff-permitte-ca7b0-nd-reload-without-reopening/trace.zip
  apps/mobile/test-results/e2e/find-time-handoff-permitte-ca7b0-nd-reload-without-reopening/video.webm
  apps/web/.svelte-kit/ambient.d.ts
  apps/web/.svelte-kit/generated/server/internal.js
COMMIT 281776e9793a320cbebe4b6e1e689150a407943e
SUBJECT test: Stabilized the web shift-editor Playwright spec so advisory overl…
NON_GSD_FILES
  apps/web/.svelte-kit/generated/server/internal.js
  apps/web/test-results/e2e/.last-run.json
  apps/web/test-results/e2e/calendar-shifts-weekly-rec-5ab69-s-after-a-successful-create/error-context.md
  apps/web/test-results/e2e/calendar-shifts-weekly-rec-5ab69-s-after-a-successful-create/test-failed-1.png
  apps/web/test-results/e2e/calendar-shifts-weekly-rec-5ab69-s-after-a-successful-create/trace.zip
  apps/web/test-results/e2e/calendar-shifts-weekly-rec-5ab69-s-after-a-successful-create/video.webm
  apps/web/tests/e2e/calendar-shifts.spec.ts
COMMIT 0dc19a6208d76c682fcb0d8f13ab1c4961a25b00
SUBJECT test: Threaded recurrence suggestion data into the web create dialog, a…
NON_GSD_FILES
  apps/web/.svelte-kit/ambient.d.ts
  apps/web/.svelte-kit/generated/server/internal.js
  apps/web/.svelte-kit/types/src/routes/(app)/calendars/[calendarId]/proxy+page.server.ts
  apps/web/src/app.css
  apps/web/src/lib/components/calendar/CalendarWeekBoard.svelte
  apps/web/src/lib/components/calendar/ShiftEditorDialog.svelte
  apps/web/src/routes/(app)/calendars/[calendarId]/+page.svelte
  apps/web/test-results/e2e/.last-run.json
  apps/web/test-results/e2e/calendar-offline-preview-p-92077-e-offline-continuity-begins/error-context.md
  apps/web/test-results/e2e/calendar-offline-preview-p-92077-e-offline-continuity-begins/test-failed-1.png
  apps/web/test-results/e2e/calendar-offline-preview-p-92077-e-offline-continuity-begins/trace.zip
  apps/web/test-results/e2e/calendar-offline-preview-p-92077-e-offline-continuity-begins/video.webm
  apps/web/test-results/e2e/calendar-shifts-weekly-rec-5ab69-s-after-a-successful-create/error-context.md
  apps/web/test-results/e2e/calendar-shifts-weekly-rec-5ab69-s-after-a-successful-create/test-failed-1.png
  apps/web/test-results/e2e/calendar-shifts-weekly-rec-5ab69-s-after-a-successful-create/trace.zip
  apps/web/test-results/e2e/calendar-shifts-weekly-rec-5ab69-s-after-a-successful-create/video.webm
  apps/web/tests/e2e/calendar-shifts.spec.ts
  apps/web/tests/e2e/fixtures.ts
COMMIT d4a0e29e815272ed1a42d72d8552739934d7b5bf
SUBJECT feat: Verified that the existing M005 planning artifacts already fully…
NON_GSD_FILES NONE
