18:## Validated
22:- Status: validated
28:- Validation: Validated by M001 combined clean-reset preview-backed browser proof (`npx --yes supabase db reset --local --yes && pnpm --dir apps/web exec playwright test -c playwright.offline.config.ts tests/e2e/calendar-offline.spec.ts tests/e2e/calendar-sync.spec.ts`), which proved trusted sign-in, cached-session offline reopen for previously synced calendars, reload continuity, and fail-closed denial for unsynced calendar URLs.
33:- Status: validated
39:- Validation: Validated in M001/S02 by passing `pnpm --dir apps/web exec vitest run tests/routes/protected-routes.unit.test.ts tests/schedule/board.unit.test.ts tests/schedule/recurrence.unit.test.ts tests/schedule/server-actions.unit.test.ts` plus `npx --yes supabase db reset --local --yes` and `pnpm --dir apps/web exec playwright test tests/e2e/calendar-shifts.spec.ts`, which proved same-day multi-shift rendering, bounded recurring creation, edit, move, delete, and reload continuity on the protected calendar route.
44:- Status: validated
50:- Validation: Validated by M001 combined clean-reset preview-backed browser proof (`npx --yes supabase db reset --local --yes && pnpm --dir apps/web exec playwright test -c playwright.offline.config.ts tests/e2e/calendar-offline.spec.ts tests/e2e/calendar-sync.spec.ts`), which proved previously synced schedule data remains readable and editable offline, survives reload, and reconciles through reconnect drain.
55:- Status: validated
61:- Validation: Validated by M001 combined clean-reset preview-backed browser proof plus passing `tests/schedule/sync-engine.unit.test.ts` and `tests/schedule/offline-queue.unit.test.ts`, proving deterministic reconnect replay through trusted route actions and live collaborator refresh propagation within the permitted shared calendar scope.
62:- Notes: Validated in M001 after the combined clean-reset preview-backed browser proof passed. Deterministic reconnect replay now reuses trusted route actions, collaborator refresh reaches `data-remote-refresh-state="applied"`, and next-week scope guards remain fail-closed.
66:- Status: validated
72:- Validation: Validated by M001 combined clean-reset preview-backed browser proof plus conflict/unit coverage, proving board/day/shift overlap warnings remain visible across offline reload, reconnect drain, and collaborator refresh without becoming authoritative write blockers.
73:- Notes: Validated in M001 after the combined clean-reset preview-backed browser proof passed. Conflict visibility remains derived from the effective visible week and stays visible across offline reload, reconnect drain, and collaborator refresh without becoming authoritative write policy.
77:- Status: validated
83:- Validation: Validated in M001/S02 by the custom week-board/browser proof and unit coverage: `pnpm --dir apps/web check`, `pnpm --dir apps/web exec vitest run tests/schedule/board.unit.test.ts tests/routes/protected-routes.unit.test.ts tests/schedule/server-actions.unit.test.ts`, and `pnpm --dir apps/web exec playwright test tests/e2e/calendar-shifts.spec.ts` confirmed the stress-friendly week board, accessible create/edit/move/delete controls, clear denied state, and visible week/action diagnostics.
88:- Status: validated
94:- Validation: Validated in M002 by passing `pnpm --dir apps/web exec vitest run tests/find-time/member-availability.unit.test.ts tests/find-time/matcher.unit.test.ts tests/routes/find-time-routes.unit.test.ts`, `pnpm --dir apps/web exec vitest run tests/schedule/create-prefill.unit.test.ts tests/routes/protected-routes.unit.test.ts`, `pnpm --dir apps/web check`, and `npx --yes supabase db reset --local --yes && pnpm --dir apps/web exec playwright test tests/e2e/find-time.spec.ts tests/e2e/calendar-shifts.spec.ts`, which together proved truthful ranked shared windows, explanation-rich Top picks, explicit denial/offline fail-closed behavior, and exact suggestion-to-create handoff into the real calendar flow.
95:- Notes: M002/S01 delivered truthful browseable windows; M002/S02 validated the full differentiator by ranking suggestions before truncation and explaining why suggested windows work without widening calendar scope.
99:- Status: validated
105:- Validation: Validated in M003/S03 by passing `pnpm --dir apps/mobile exec vitest run tests/find-time-contract.unit.test.ts tests/mobile-find-time.unit.test.ts tests/mobile-create-prefill.unit.test.ts`, `pnpm --dir apps/web exec vitest run tests/find-time/matcher.unit.test.ts tests/routes/find-time-routes.unit.test.ts tests/schedule/create-prefill.unit.test.ts tests/routes/protected-routes.unit.test.ts`, `npx --yes supabase db reset --local --yes && pnpm --dir apps/mobile exec playwright test tests/e2e/auth-scope.spec.ts tests/e2e/calendar-offline.spec.ts tests/e2e/find-time-handoff.spec.ts`, and `pnpm --dir apps/mobile check && pnpm --dir apps/mobile build && sh -c 'test -d apps/mobile/ios || pnpm --dir apps/mobile cap:add:ios; pnpm --dir apps/mobile cap:sync'`, proving the mobile app now supports trusted sign-in/scope, offline continuity, compact live-backed Find time, exact slot handoff into create, and packaged native build closure on the shared scheduling substrate.
