/Users/serkanyeniay/dev/Caluno/supabase/functions/notify-calendar-change/index.ts
/Users/serkanyeniay/dev/Caluno/packages/ui/src/index.ts
/Users/serkanyeniay/dev/Caluno/packages/caluno-core/src/app-shell.ts
/Users/serkanyeniay/dev/Caluno/packages/caluno-core/src/schedule/conflicts.ts
/Users/serkanyeniay/dev/Caluno/packages/caluno-core/src/schedule/create-prefill.ts
/Users/serkanyeniay/dev/Caluno/packages/caluno-core/src/schedule/types.ts
/Users/serkanyeniay/dev/Caluno/packages/caluno-core/src/schedule/recurrence.ts
/Users/serkanyeniay/dev/Caluno/packages/caluno-core/src/schedule/board.ts
/Users/serkanyeniay/dev/Caluno/packages/caluno-core/src/route-contract.ts
/Users/serkanyeniay/dev/Caluno/packages/caluno-core/src/find-time/ranking.ts
/Users/serkanyeniay/dev/Caluno/packages/caluno-core/src/find-time/matcher.ts
/Users/serkanyeniay/dev/Caluno/packages/caluno-core/src/access.ts
/Users/serkanyeniay/dev/Caluno/packages/caluno-core/src/index.ts
/Users/serkanyeniay/dev/Caluno/packages/caluno-core/src/supabase.ts
/Users/serkanyeniay/dev/Caluno/packages/caluno-core/src/offline/app-shell-cache.ts
/Users/serkanyeniay/dev/Caluno/packages/caluno-core/src/offline/types.ts
/Users/serkanyeniay/dev/Caluno/packages/caluno-core/src/offline/mutation-queue.ts
/Users/serkanyeniay/dev/Caluno/packages/caluno-core/src/offline/sync-engine.ts
/Users/serkanyeniay/dev/Caluno/packages/db/src/schema/index.ts
/Users/serkanyeniay/dev/Caluno/packages/db/src/client.ts
/Users/serkanyeniay/dev/Caluno/packages/db/src/index.ts
/Users/serkanyeniay/dev/Caluno/packages/db/src/tenant.ts
/Users/serkanyeniay/dev/Caluno/apps/web/playwright.offline.config.ts
/Users/serkanyeniay/dev/Caluno/apps/web/tests/schedule/offline-store.unit.test.ts
/Users/serkanyeniay/dev/Caluno/apps/web/tests/schedule/conflicts.unit.test.ts
/Users/serkanyeniay/dev/Caluno/apps/web/tests/schedule/board.unit.test.ts
/Users/serkanyeniay/dev/Caluno/apps/web/tests/schedule/server-actions.unit.test.ts
/Users/serkanyeniay/dev/Caluno/apps/web/tests/schedule/sync-engine.unit.test.ts
/Users/serkanyeniay/dev/Caluno/apps/web/tests/schedule/offline-queue.unit.test.ts
/Users/serkanyeniay/dev/Caluno/apps/web/tests/schedule/recurrence.unit.test.ts
/Users/serkanyeniay/dev/Caluno/apps/web/tests/schedule/create-prefill.unit.test.ts
/Users/serkanyeniay/dev/Caluno/apps/web/tests/access/policy-contract.unit.test.ts
/Users/serkanyeniay/dev/Caluno/apps/web/tests/auth/session.unit.test.ts
/Users/serkanyeniay/dev/Caluno/apps/web/tests/find-time/matcher.unit.test.ts
/Users/serkanyeniay/dev/Caluno/apps/web/tests/find-time/member-availability.unit.test.ts
/Users/serkanyeniay/dev/Caluno/apps/web/tests/e2e/fixtures.ts
/Users/serkanyeniay/dev/Caluno/apps/web/tests/e2e/calendar-sync.spec.ts
/Users/serkanyeniay/dev/Caluno/apps/web/tests/e2e/calendar-offline.spec.ts
/Users/serkanyeniay/dev/Caluno/apps/web/tests/e2e/calendar-shifts.spec.ts
/Users/serkanyeniay/dev/Caluno/apps/web/tests/e2e/find-time.spec.ts
/Users/serkanyeniay/dev/Caluno/apps/web/tests/e2e/auth-groups-access.spec.ts
/Users/serkanyeniay/dev/Caluno/apps/web/tests/routes/find-time-routes.unit.test.ts
/Users/serkanyeniay/dev/Caluno/apps/web/tests/routes/protected-routes.unit.test.ts
/Users/serkanyeniay/dev/Caluno/apps/web/playwright.config.ts
/Users/serkanyeniay/dev/Caluno/apps/web/vite.config.ts
/Users/serkanyeniay/dev/Caluno/apps/web/src/app.d.ts
/Users/serkanyeniay/dev/Caluno/apps/web/src/service-worker.ts
/Users/serkanyeniay/dev/Caluno/apps/web/src/lib/schedule/route-contract.ts
/Users/serkanyeniay/dev/Caluno/apps/web/src/lib/schedule/conflicts.ts
/Users/serkanyeniay/dev/Caluno/apps/web/src/lib/schedule/create-prefill.ts
/Users/serkanyeniay/dev/Caluno/apps/web/src/lib/schedule/types.ts
/Users/serkanyeniay/dev/Caluno/apps/web/src/lib/schedule/recurrence.ts
/Users/serkanyeniay/dev/Caluno/apps/web/src/lib/schedule/board.ts
/Users/serkanyeniay/dev/Caluno/apps/web/src/lib/access/contract.ts
/Users/serkanyeniay/dev/Caluno/apps/web/src/lib/server/app-shell.ts
/Users/serkanyeniay/dev/Caluno/apps/web/src/lib/server/find-time.ts
/Users/serkanyeniay/dev/Caluno/apps/web/src/lib/server/schedule.ts
/Users/serkanyeniay/dev/Caluno/apps/web/src/lib/server/calendar-change-notifier.ts
/Users/serkanyeniay/dev/Caluno/apps/web/src/lib/server/auth-flow.ts
/Users/serkanyeniay/dev/Caluno/apps/web/src/lib/find-time/ranking.ts
/Users/serkanyeniay/dev/Caluno/apps/web/src/lib/find-time/matcher.ts
/Users/serkanyeniay/dev/Caluno/apps/web/src/lib/supabase/client.ts
/Users/serkanyeniay/dev/Caluno/apps/web/src/lib/supabase/config.ts
/Users/serkanyeniay/dev/Caluno/apps/web/src/lib/supabase/server.ts
/Users/serkanyeniay/dev/Caluno/apps/web/src/lib/components/calendar/CalendarWeekBoard.svelte
/Users/serkanyeniay/dev/Caluno/apps/web/src/lib/components/calendar/ShiftCard.svelte
/Users/serkanyeniay/dev/Caluno/apps/web/src/lib/components/calendar/ShiftEditorDialog.svelte
/Users/serkanyeniay/dev/Caluno/apps/web/src/lib/components/calendar/ShiftDayColumn.svelte
/Users/serkanyeniay/dev/Caluno/apps/web/src/lib/offline/app-shell-cache.ts
/Users/serkanyeniay/dev/Caluno/apps/web/src/lib/offline/sqlite.worker.ts
/Users/serkanyeniay/dev/Caluno/apps/web/src/lib/offline/repository.ts
/Users/serkanyeniay/dev/Caluno/apps/web/src/lib/offline/runtime.ts
/Users/serkanyeniay/dev/Caluno/apps/web/src/lib/offline/protected-routes.ts
/Users/serkanyeniay/dev/Caluno/apps/web/src/lib/offline/mutation-queue.ts
/Users/serkanyeniay/dev/Caluno/apps/web/src/lib/offline/sync-engine.ts
/Users/serkanyeniay/dev/Caluno/apps/web/src/lib/offline/calendar-controller.ts
/Users/serkanyeniay/dev/Caluno/apps/web/src/hooks.server.ts
/Users/serkanyeniay/dev/Caluno/apps/web/src/routes/(app)/+layout.ts
/Users/serkanyeniay/dev/Caluno/apps/web/src/routes/(app)/calendars/[calendarId]/+page.server.ts
/Users/serkanyeniay/dev/Caluno/apps/web/src/routes/(app)/calendars/[calendarId]/+page.svelte
---
mobile
web
---
caluno-core
db
eslint-config
typescript-config
ui
