
Running 5 tests using 1 worker

  ✓  1 tests/e2e/calendar-shifts.spec.ts:43:1 › seeded member can prove the trusted-online Thursday overlap warning while the Wednesday touch boundary stays clean (2.3s)
  ✓  2 tests/e2e/calendar-shifts.spec.ts:138:1 › browse suggestion handoff creates a visible shift on the intended day and does not reopen after reload (2.9s)
  ✘  3 tests/e2e/calendar-shifts.spec.ts:223:1 › weekly recurrence suggestion accept path pre-fills weekly cadence truthfully and resets after a successful create (2.6s)
  -  4 tests/e2e/calendar-shifts.spec.ts:304:1 › weekly recurrence suggestion dismiss path keeps the form blank, stays hidden for the current instance, and returns after reload
  -  5 tests/e2e/calendar-shifts.spec.ts:385:1 › seeded member still gets the explicit denied surface for an unauthorized calendar route


  1) tests/e2e/calendar-shifts.spec.ts:223:1 › weekly recurrence suggestion accept path pre-fills weekly cadence truthfully and resets after a successful create › phase: submit a truthful bounded create, then prove success reset restores blank fields and a fresh suggestion surface 

    Error: [2mexpect([22m[31mreceived[39m[2m).[22mtoBe[2m([22m[32mexpected[39m[2m) // Object.is equality[22m

    Expected: [32mtrue[39m
    Received: [31mfalse[39m

      282 |
      283 |     const resetSnapshot = await readCreateShiftRecurrenceSnapshot(page);
    > 284 |     expect(resetSnapshot.suggestionVisible).toBe(true);
          |                                             ^
      285 |     expect(resetSnapshot.selectedCadence).toBe('');
      286 |     expect(resetSnapshot.intervalValue).toBe('');
      287 |     expect(resetSnapshot.repeatCountValue).toBe('');
        at /Users/serkanyeniay/dev/Caluno/apps/web/tests/e2e/calendar-shifts.spec.ts:284:45
        at /Users/serkanyeniay/dev/Caluno/apps/web/tests/e2e/calendar-shifts.spec.ts:274:3

    attachment #1: screenshot (image/png) ──────────────────────────────────────────────────────────
    test-results/e2e/calendar-shifts-weekly-rec-5ab69-s-after-a-successful-create/test-failed-1.png
    ────────────────────────────────────────────────────────────────────────────────────────────────

    attachment #3: video (video/webm) ──────────────────────────────────────────────────────────────
    test-results/e2e/calendar-shifts-weekly-rec-5ab69-s-after-a-successful-create/video.webm
    ────────────────────────────────────────────────────────────────────────────────────────────────

    Error Context: test-results/e2e/calendar-shifts-weekly-rec-5ab69-s-after-a-successful-create/error-context.md

    attachment #5: trace (application/zip) ─────────────────────────────────────────────────────────
    test-results/e2e/calendar-shifts-weekly-rec-5ab69-s-after-a-successful-create/trace.zip
    Usage:

        pnpm exec playwright show-trace test-results/e2e/calendar-shifts-weekly-rec-5ab69-s-after-a-successful-create/trace.zip

    ────────────────────────────────────────────────────────────────────────────────────────────────

  1 failed
    tests/e2e/calendar-shifts.spec.ts:223:1 › weekly recurrence suggestion accept path pre-fills weekly cadence truthfully and resets after a successful create 
  2 did not run
  2 passed (9.9s)
