branch=main merge_base=6503c9f612701bc573f50543072f4dfea8febe8e head=6503c9f612701bc573f50543072f4dfea8febe8e
self_diff_retry=true
milestone_commits_found=true
92ad26e6949aa0cdd472e2ef586e1b5ccb06cd25	chore: auto-commit after complete-milestone
57c45c51722e96f4ef1cc5bba7cc86f8fe7f8cfc	chore: auto-commit after complete-milestone
b444252f1e58823498f4231bab61cfbd5fd13d00	chore: auto-commit after complete-milestone
184dddff32b2adb875885a0a187bd53b1613ac8e	chore: auto-commit after complete-milestone
751be9d530641716e86c6add976eae7af5d72009	chore: auto-commit after complete-milestone
c1efcac439106170285607acbd05d2eb47c75597	feat: Marked R011 validated from fresh S06 predictive/browser/build evi…
0f31c09e9f667ba71eb8d37dbd74eae408752093	fix: Confirmed the scoped predictive-editor axe proof, fixed a text-col…
6c8abf18aa1bce0a296ce182d8a17730092c3677	feat: Re-ran the mobile predictive smoke from a fresh local Supabase re…
29906dc8a564c172f2bd7042d282558a8aa7b453	test: Added scoped axe coverage for the predictive web create editor an…
d5882d751a2a2edaadf2bccd60c024e8433a65b3	feat: Typed the web calendar route-state proof surface and migrated the…
953da6aab33180e5bf9b4d157f4023657879a16d	feat: Confirmed the mobile shift sheet already threads visible-week shi…
a405ff0a7893a64fdf78c611a54a191055334bf3	test: Added mobile predictive Playwright snapshot helpers plus a dedica…
f5872d5a6c665c899f87b6ae9e6930e460ab1ce5	feat: Wired mobile shift sheets to show truthful recurrence suggestions…
0174445a03e7a179ecc6e41988526a10cf0be6f0	feat: Added bounded mobile recurrence-suggestion loading plus explicit…
854ca0a629cad15ee43fb8cc927b3b643cb1d7d3	test: Extracted `deriveShiftEditorClashes()` into `@repo/caluno-core` a…
281776e9793a320cbebe4b6e1e689150a407943e	test: Stabilized the web shift-editor Playwright spec so advisory overl…
68b5dac06adf55ea20de70d3144f373f5a3b5661	test: Stabilized the web shift-editor Playwright spec around the new ad…
dcd1792a74864411ed237298d31022aafbd6ec87	feat: Added Playwright create-flow proof for advisory-only overlap warn…
877a16411a7681bb1441d9940bf7f8aafe51b626	test: Added live warning-only clash advisory state to the shared web sh…
f4394dcf349e8d53d87cac685fda18a1a348fdef	feat: Threaded one route-derived visible-week `existingShifts` list int…
f12ede4bfc27d6f36bf912e70bec9c1e7c0a17e5	fix: Fixed recurring create reconciliation so accepted recurrence sugge…
0dc19a6208d76c682fcb0d8f13ab1c4961a25b00	test: Threaded recurrence suggestion data into the web create dialog, a…
017be5154e8ded0a49b0e04f4256f1339887ecbe	feat: Added a bounded protected-route recurrence suggestion contract an…
b82fd049a2846e3668df186d1902e5bf0fecb227	feat: Added shared advisory conflict previewing in caluno-core and cove…
4c3b6e044f4d4644e8071323b61d01cf5135797d	test: Added a deterministic shared weekly recurrence detector in caluno…
9f5e45254d18295308be5dc5e2d29a891cb1dff9	test: Added final assembled mobile tracer-bullet spec (5 phases: sign-i…
fdc507a5b51fbdb536419d39d044fa7a3ff5b96d	feat: Upgraded the Playwright notification harness with dispatch interc…
c6af8099687b0be37ea4de1409613c1e8c0a03c5	test: Wired best-effort shared-change dispatch into all four mobile sch…
c6bab0dde18dcb705eccfb0f323b23dcb7f96c54	test: Added best-effort shared-change dispatch to all four trusted web…
2035d9c242c0ded1b517e9f0f5f071f25045feef	feat: Added the shared-change dispatch seam, Playwright notification ha…
50ac913788836c76648ca6940fb486da95b82fad	feat: Added a truthful per-calendar notification toggle UI and scope-sa…
3162337a7d065ba710a22916549479894d7a4551	feat: Added Capacitor-backed notification adapters and a deterministic…
27521b1ea972c87eeefabf5ace3fe39661109250	test: Added the mobile device-notification control plane with stable in…
e07a6d6ea06df1eb9df0249f7ec54bd4df5fd195	test: Added mobile Find time handoff E2E coverage and bundled it into t…
f4644e00035317f0554a0c817f2445e6406d95bd	feat: Wired the mobile calendar Find time entrypoint, compact result ca…
66f651ab7b2eb44c51ad8f45e3188adf2430f44c	test: Added the mobile find-time route, trusted Supabase transport, and…
a5f48eea5f9745afc847e52bbce151ab9dcaed19	test: Extracted shared find-time matcher/ranking and create-prefill con…
b1eddc3fd6ef844d91efaef6fa70155b9f4daae8	fix: Fixed the mobile offline continuity proof harness to target real C…
2c6672710ddb848b7aadf44c42038ed5609b421c	feat: Replaced the mobile calendar placeholder with a phone-first local…
0a9c5579c9420b6de37f0b41090282bfb2ea3283	test: Stabilized the mobile local-first sync runtime by fixing the trus…
