
Running 10 tests using 1 worker

  ✓   1 tests/e2e/find-time-handoff.spec.ts:28:1 › permitted member can enter from the real board, verify ranked results, hand a chosen slot into create, and reload without reopening (3.1s)
  ✓   2 tests/e2e/find-time-handoff.spec.ts:197:1 › out-of-scope mobile find-time routes stay explicitly denied with zero result cards (1.2s)
  ✓   3 tests/e2e/find-time-handoff.spec.ts:216:1 › offline route entry stays fail-closed as offline-unavailable with zero result cards (1.5s)
  ✓   4 tests/e2e/find-time-handoff.spec.ts:241:1 › malformed arrival-prefill params stay attributable, do not auto-open create, and are gone after reload (1.2s)
  ✓   5 tests/e2e/mobile-assembly.spec.ts:69:1 › phase 1 — sign in and open the permitted calendar with trusted-online diagnostics (1.2s)
  ✓   6 tests/e2e/mobile-assembly.spec.ts:95:1 › phase 2 — calendar survives offline and drains queued mutations on reconnect (1.1s)
  ✓   7 tests/e2e/mobile-assembly.spec.ts:124:1 › phase 3 — find time handoff flows into create arrival and the shift lands on the board (2.0s)
  ✓   8 tests/e2e/mobile-assembly.spec.ts:239:1 › phase 4 — notification delivery reaches the enabled calendar and a safe tap lands in the permitted context (2.5s)
  ✘   9 tests/e2e/mobile-assembly.spec.ts:349:1 › phase 5 — offline find-time stays fail-closed and out-of-scope tap is rejected (11.5s)
  ✘  10 tests/e2e/mobile-predictive.spec.ts:19:1 › mobile create sheet exposes recurrence suggestion lifecycle and advisory-only clashes without clobbering draft timing (11.4s)


  1) tests/e2e/mobile-assembly.spec.ts:349:1 › phase 5 — offline find-time stays fail-closed and out-of-scope tap is rejected 

    Error: [2mexpect([22m[31mlocator[39m[2m).[22mtoHaveAttribute[2m([22m[32mexpected[39m[2m)[22m failed

    Locator: getByTestId('calendar-sync-strip')
    Expected: [32m"online"[39m
    Timeout: 10000ms
    Error: element(s) not found

    Call log:
    [2m  - Expect "toHaveAttribute" with timeout 10000ms[22m
    [2m  - waiting for getByTestId('calendar-sync-strip')[22m


       at fixtures.ts:781

      779 |
      780 |   if (options.waitForCalendarUi ?? true) {
    > 781 |     await expect(page.getByTestId('calendar-sync-strip')).toHaveAttribute('data-network', connected ? 'online' : 'offline');
          |                                                           ^
      782 |   }
      783 | }
      784 |
        at setSimulatedConnectivity (/Users/serkanyeniay/dev/Caluno/apps/mobile/tests/e2e/fixtures.ts:781:59)
        at /Users/serkanyeniay/dev/Caluno/apps/mobile/tests/e2e/mobile-assembly.spec.ts:368:3

    attachment #1: screenshot (image/png) ──────────────────────────────────────────────────────────
    test-results/e2e/mobile-assembly-phase-5-—--7484e-ut-of-scope-tap-is-rejected/test-failed-1.png
    ────────────────────────────────────────────────────────────────────────────────────────────────

    attachment #2: video (video/webm) ──────────────────────────────────────────────────────────────
    test-results/e2e/mobile-assembly-phase-5-—--7484e-ut-of-scope-tap-is-rejected/video.webm
    ────────────────────────────────────────────────────────────────────────────────────────────────

    Error Context: test-results/e2e/mobile-assembly-phase-5-—--7484e-ut-of-scope-tap-is-rejected/error-context.md

    attachment #4: trace (application/zip) ─────────────────────────────────────────────────────────
    test-results/e2e/mobile-assembly-phase-5-—--7484e-ut-of-scope-tap-is-rejected/trace.zip
    Usage:

        pnpm exec playwright show-trace test-results/e2e/mobile-assembly-phase-5-—--7484e-ut-of-scope-tap-is-rejected/trace.zip

    ────────────────────────────────────────────────────────────────────────────────────────────────

  2) tests/e2e/mobile-predictive.spec.ts:19:1 › mobile create sheet exposes recurrence suggestion lifecycle and advisory-only clashes without clobbering draft timing 

    Error: [2mexpect([22m[31mlocator[39m[2m).[22mtoHaveAttribute[2m([22m[32mexpected[39m[2m)[22m failed

    Locator:  getByTestId('calendar-route-state')
    Expected: [32m"3"[39m
    Received: [31m"4"[39m
    Timeout:  10000ms

    Call log:
    [2m  - Expect "toHaveAttribute" with timeout 10000ms[22m
    [2m  - waiting for getByTestId('calendar-route-state')[22m
    [2m    14 × locator resolved to <section data-pending-count="0" data-sync-phase="idle" data-queue-state="ready" data-retryable-count="0" data-denied-reason="none" data-failure-phase="none" data-shell-bootstrap="ready" data-create-prefill-end="none" data-board-source="server-sync" data-route-mode="trusted-online" data-visible-week-source="query" data-create-prefill-start="none" data-last-retryable-reason="none" data-create-prefill-status="none" data-create-prefill-source="none" data-testid="calendar-route-state" data-snapshot-origin="…>…</section>[22m
    [2m       - unexpected value "4"[22m


      28 |   await expect(routeState).toHaveAttribute('data-recurrence-suggestion-status', 'ready');
      29 |   await expect(routeState).toHaveAttribute('data-recurrence-suggestion-reason', 'none');
    > 30 |   await expect(routeState).toHaveAttribute('data-recurrence-suggestion-match-count', '3');
         |                            ^
      31 |   const recurrenceExemplarShiftId = (await routeState.getAttribute('data-recurrence-suggestion-exemplar-shift-id')) ?? 'none';
      32 |   expect(recurrenceExemplarShiftId).not.toBe('none');
      33 |   await expect(page.getByTestId(`shift-card-${morningIntakeShiftId}`)).toContainText('Morning intake');
        at /Users/serkanyeniay/dev/Caluno/apps/mobile/tests/e2e/mobile-predictive.spec.ts:30:28

    attachment #1: screenshot (image/png) ──────────────────────────────────────────────────────────
    test-results/e2e/mobile-predictive-mobile-c-a001f-out-clobbering-draft-timing/test-failed-1.png
    ────────────────────────────────────────────────────────────────────────────────────────────────

    attachment #2: video (video/webm) ──────────────────────────────────────────────────────────────
    test-results/e2e/mobile-predictive-mobile-c-a001f-out-clobbering-draft-timing/video.webm
    ────────────────────────────────────────────────────────────────────────────────────────────────

    Error Context: test-results/e2e/mobile-predictive-mobile-c-a001f-out-clobbering-draft-timing/error-context.md

    attachment #4: trace (application/zip) ─────────────────────────────────────────────────────────
    test-results/e2e/mobile-predictive-mobile-c-a001f-out-clobbering-draft-timing/trace.zip
    Usage:

        pnpm exec playwright show-trace test-results/e2e/mobile-predictive-mobile-c-a001f-out-clobbering-draft-timing/trace.zip

    ────────────────────────────────────────────────────────────────────────────────────────────────

  2 failed
    tests/e2e/mobile-assembly.spec.ts:349:1 › phase 5 — offline find-time stays fail-closed and out-of-scope tap is rejected 
    tests/e2e/mobile-predictive.spec.ts:19:1 › mobile create sheet exposes recurrence suggestion lifecycle and advisory-only clashes without clobbering draft timing 
  8 passed (41.4s)
