=== auth-groups-access.spec.ts line 40-55 ===
    await page.goto(`/calendars/${seededCalendars.betaShared}`);

    const deniedState = page.getByTestId('access-denied-state');
    await expect(deniedState).toBeVisible();
    await expect(deniedState).toContainText('calendar-missing');
    await expect(deniedState).toContainText('calendar-lookup');
    await expect(deniedState).toContainText(seededCalendars.betaShared);
  });
});

test('join onboarding surfaces invalid codes, admits a valid redemption, survives reload, and loses access after sign-out', async ({
  page,
  flow
}) => {
  await test.step('phase: sign in as the seeded user with no memberships', async () => {
    flow.mark('login', seededUsers.noMembership.email);
    await signInThroughUi(page, seededUsers.noMembership);
    await expect(page.getByTestId('groups-shell')).toContainText('onboarding-empty');
    await expect(page.getByTestId('onboarding-empty-state')).toBeVisible();
  });


=== find-time.spec.ts line 15-30 ===
  signInThroughUi,
  test
} from './fixtures';

test.describe.configure({ mode: 'serial' });

test('permitted member sees ranked top picks before the lighter browse inventory on the real find-time route', async ({
  page,
  flow
}) => {
  await test.step('phase: sign in as the seeded Alpha member and open the permitted calendar board', async () => {
    flow.mark('login', seededUsers.alphaMember.email);
    await signInThroughUi(page, seededUsers.alphaMember);
    await openCalendarWeek({
      page,
      flow,
